// Jest Snapshot v1, https://goo.gl/fbAQLP

exports[`<StoreJmxCredentials /> renders correctly 1`] = `
Array [
  <div
    className="pf-c-toolbar"
    data-ouia-component-id="OUIA-Generated-Toolbar-2"
    data-ouia-component-type="PF4/Toolbar"
    data-ouia-safe={true}
    id="target-credentials-toolbar"
  >
    <div
      className="pf-c-toolbar__content"
    >
      <div
        className="pf-c-toolbar__content-section"
      >
        <div
          className="pf-c-toolbar__item"
        >
          <button
            aria-disabled={false}
            aria-label="add-jmx-credential"
            className="pf-c-button pf-m-primary"
            data-ouia-component-id="OUIA-Generated-Button-primary-2"
            data-ouia-component-type="PF4/Button"
            data-ouia-safe={true}
            disabled={false}
            onClick={[Function]}
            role={null}
            type="button"
          >
            Add
          </button>
        </div>
        <div
          className="pf-c-toolbar__item"
        >
          <button
            aria-disabled={true}
            aria-label="delete-selected-jmx-credential"
            className="pf-c-button pf-m-danger pf-m-disabled"
            data-ouia-component-id="OUIA-Generated-Button-danger-2"
            data-ouia-component-type="PF4/Button"
            data-ouia-safe={true}
            disabled={true}
            onClick={[Function]}
            role={null}
            tabIndex={null}
            type="button"
          >
            Delete
          </button>
        </div>
      </div>
      <div
        className="pf-c-toolbar__expandable-content"
        id="target-credentials-toolbar-expandable-content-1"
      >
        <div
          className="pf-c-toolbar__group"
        />
      </div>
    </div>
    <div
      className="pf-c-toolbar__content pf-m-hidden"
      hidden={true}
    >
      <div
        className="pf-c-toolbar__group"
      />
    </div>
  </div>,
  <table
    aria-label="Stored Credentials"
    className="pf-c-table pf-m-grid-md"
    data-ouia-component-id="OUIA-Generated-Table-1"
    data-ouia-component-type="PF4/Table"
    data-ouia-safe={true}
    role="grid"
  >
    <thead
      className=""
    >
      <tr
        className=""
        data-ouia-component-id="OUIA-Generated-TableRow-1"
        data-ouia-component-type="PF4/TableRow"
        data-ouia-safe={true}
        hidden={false}
      >
        <td
          className="pf-c-table__check"
          onMouseEnter={[Function]}
          scope={null}
        >
          <input
            aria-label="Select all rows"
            checked={false}
            name="check-all"
            onChange={[Function]}
            type="checkbox"
          />
        </td>
        <th
          className=""
          onMouseEnter={[Function]}
          scope="col"
        >
          Target Alias
        </th>
        <th
          className=""
          onMouseEnter={[Function]}
          scope="col"
        >
          Connect URL
        </th>
      </tr>
    </thead>
    <tbody
      className=""
      role="rowgroup"
    >
      <tr
        className=""
        data-ouia-component-id="OUIA-Generated-TableRow-2"
        data-ouia-component-type="PF4/TableRow"
        data-ouia-safe={true}
        hidden={false}
      >
        <td
          className=""
        >
          <div
            className="pf-c-check pf-m-standalone"
          >
            <input
              aria-invalid={false}
              aria-label="credentials-table-row-0-check"
              checked={false}
              className="pf-c-check__input"
              data-ouia-component-id="OUIA-Generated-Checkbox-1"
              data-ouia-component-type="PF4/Checkbox"
              data-ouia-safe={true}
              disabled={false}
              id="credentials-table-row-0-check"
              name="credentials-table-row-0-check"
              onChange={[Function]}
              type="checkbox"
            />
          </div>
        </td>
        <td
          className=""
          data-label="Target Alias"
        >
          fooTarget
        </td>
        <td
          className=""
          data-label="Connect URL"
        >
          service:jmx:rmi://someUrl
        </td>
      </tr>
    </tbody>
  </table>,
]
`;
