// Jest Snapshot v1, https://goo.gl/fbAQLP

exports[`<DurationFilter /> renders correctly 1`] = `
<div
  className="pf-v5-l-flex pf-m-space-items-sm"
>
  <div
    className="pf-v5-l-flex pf-m-column"
  >
    <div
      className=""
    >
      <div
        className="pf-v5-c-input-group"
      >
        <div
          className="pf-v5-c-input-group__item pf-m-box"
        >
          <span
            className="pf-v5-c-input-group__text"
          >
            From
          </span>
        </div>
        <div
          className="pf-v5-c-input-group__item"
        >
          <span
            className="pf-v5-c-form-control"
          >
            <input
              aria-invalid={false}
              aria-label="duration-from"
              data-ouia-component-id="OUIA-Generated-TextInputBase-1"
              data-ouia-component-type="PF5/TextInput"
              data-ouia-safe={true}
              disabled={false}
              id="duration-input-from"
              min="0"
              onBlur={[Function]}
              onChange={[Function]}
              onFocus={[Function]}
              required={false}
              style={
                Object {
                  "maxWidth": "10ch",
                }
              }
              type="number"
            />
          </span>
        </div>
        <div
          className="pf-v5-c-input-group__item"
        >
          <button
            aria-expanded={false}
            className="pf-v5-c-menu-toggle"
            data-ouia-component-id="OUIA-Generated-MenuToggle-1"
            data-ouia-component-type="PF5/MenuToggle"
            data-ouia-safe={true}
            disabled={false}
            onClick={[Function]}
            type="button"
          >
            <span
              className="pf-v5-c-menu-toggle__text"
            >
              Seconds
            </span>
            <span
              className="pf-v5-c-menu-toggle__controls"
            >
              <span
                className="pf-v5-c-menu-toggle__toggle-icon"
              >
                <svg
                  aria-hidden={true}
                  aria-labelledby={null}
                  className="pf-v5-svg"
                  fill="currentColor"
                  height="1em"
                  role="img"
                  viewBox="0 0 320 512"
                  width="1em"
                >
                  <path
                    d="M31.3 192h257.3c17.8 0 26.7 21.5 14.1 34.1L174.1 354.8c-7.8 7.8-20.5 7.8-28.3 0L17.2 226.1C4.6 213.5 13.5 192 31.3 192z"
                  />
                </svg>
              </span>
            </span>
          </button>
        </div>
        <div
          className="pf-v5-c-input-group__item pf-m-box"
        >
          <span
            className="pf-v5-c-input-group__text"
          >
            To
          </span>
        </div>
        <div
          className="pf-v5-c-input-group__item"
        >
          <span
            className="pf-v5-c-form-control"
          >
            <input
              aria-invalid={false}
              aria-label="duration-to"
              data-ouia-component-id="OUIA-Generated-TextInputBase-2"
              data-ouia-component-type="PF5/TextInput"
              data-ouia-safe={true}
              disabled={false}
              id="duration-input-to"
              min="0"
              onBlur={[Function]}
              onChange={[Function]}
              onFocus={[Function]}
              required={false}
              style={
                Object {
                  "maxWidth": "10ch",
                }
              }
              type="number"
            />
          </span>
        </div>
        <div
          className="pf-v5-c-input-group__item"
        >
          <button
            aria-expanded={false}
            className="pf-v5-c-menu-toggle"
            data-ouia-component-id="OUIA-Generated-MenuToggle-2"
            data-ouia-component-type="PF5/MenuToggle"
            data-ouia-safe={true}
            disabled={false}
            onClick={[Function]}
            type="button"
          >
            <span
              className="pf-v5-c-menu-toggle__text"
            >
              Seconds
            </span>
            <span
              className="pf-v5-c-menu-toggle__controls"
            >
              <span
                className="pf-v5-c-menu-toggle__toggle-icon"
              >
                <svg
                  aria-hidden={true}
                  aria-labelledby={null}
                  className="pf-v5-svg"
                  fill="currentColor"
                  height="1em"
                  role="img"
                  viewBox="0 0 320 512"
                  width="1em"
                >
                  <path
                    d="M31.3 192h257.3c17.8 0 26.7 21.5 14.1 34.1L174.1 354.8c-7.8 7.8-20.5 7.8-28.3 0L17.2 226.1C4.6 213.5 13.5 192 31.3 192z"
                  />
                </svg>
              </span>
            </span>
          </button>
        </div>
      </div>
    </div>
    <div
      className="pf-m-align-self-flex-start"
    >
      <div
        className="pf-v5-c-check duration-filter__continuous-checkbox"
      >
        <input
          aria-invalid={false}
          checked={false}
          className="pf-v5-c-check__input"
          data-ouia-component-id="OUIA-Generated-Checkbox-1"
          data-ouia-component-type="PF5/Checkbox"
          data-ouia-safe={true}
          disabled={false}
          id="continuous-checkbox"
          onChange={[Function]}
          required={false}
          type="checkbox"
        />
        <label
          className="pf-v5-c-check__label"
          htmlFor="continuous-checkbox"
        >
          Continuous
        </label>
      </div>
    </div>
  </div>
  <div
    className=""
  >
    <button
      aria-disabled={true}
      aria-label="search-for-duration"
      className="pf-v5-c-button pf-m-control pf-m-disabled"
      data-ouia-component-id="OUIA-Generated-Button-control-1"
      data-ouia-component-type="PF5/Button"
      data-ouia-safe={true}
      disabled={true}
      onClick={[Function]}
      role={null}
      tabIndex={null}
      type="button"
    >
      <svg
        aria-hidden={true}
        aria-labelledby={null}
        className="pf-v5-svg"
        fill="currentColor"
        height="1em"
        role="img"
        viewBox="0 0 512 512"
        width="1em"
      >
        <path
          d="M505 442.7L405.3 343c-4.5-4.5-10.6-7-17-7H372c27.6-35.3 44-79.7 44-128C416 93.1 322.9 0 208 0S0 93.1 0 208s93.1 208 208 208c48.3 0 92.7-16.4 128-44v16.3c0 6.4 2.5 12.5 7 17l99.7 99.7c9.4 9.4 24.6 9.4 33.9 0l28.3-28.3c9.4-9.4 9.4-24.6.1-34zM208 336c-70.7 0-128-57.2-128-128 0-70.7 57.2-128 128-128 70.7 0 128 57.2 128 128 0 70.7-57.2 128-128 128z"
        />
      </svg>
    </button>
  </div>
</div>
`;
