// Jest Snapshot v1, https://goo.gl/fbAQLP

exports[`<BulkEditLabels /> renders correctly 1`] = `
<div
  className="pf-l-stack pf-m-gutter"
>
  <div
    className="pf-l-stack__item"
  >
    <p
      className=""
      data-ouia-component-id="OUIA-Generated-Text-1"
      data-ouia-component-type="PF4/Text"
      data-ouia-safe={true}
      data-pf-content={true}
    >
      Edit Recording Labels
    </p>
    <small
      className=""
      data-ouia-component-id="OUIA-Generated-Text-2"
      data-ouia-component-type="PF4/Text"
      data-ouia-safe={true}
      data-pf-content={true}
    >
      Labels present on all selected recordings will appear here. Editing the labels will affect ALL selected recordings.
    </small>
  </div>
  <div
    className="pf-l-stack__item"
  >
    <span
      className="pf-c-label"
    >
      <span
        className="pf-c-label__content"
      >
        someLabel: someValue
      </span>
    </span>
  </div>
  <div
    className="pf-l-stack__item"
  >
    <button
      aria-disabled={false}
      aria-label={null}
      className="pf-c-button pf-m-secondary"
      data-ouia-component-id="OUIA-Generated-Button-secondary-1"
      data-ouia-component-type="PF4/Button"
      data-ouia-safe={true}
      disabled={false}
      onClick={[Function]}
      role={null}
      type="button"
    >
      Edit
    </button>
  </div>
</div>
`;
