// Jest Snapshot v1, https://goo.gl/fbAQLP

exports[`<EditableLabelCell /> renders correctly 1`] = `
<p
  className=""
  data-ouia-component-id="OUIA-Generated-Text-1"
  data-ouia-component-type="PF4/Text"
  data-ouia-safe={true}
  data-pf-content={true}
>
  -
</p>
`;
