// Jest Snapshot v1, https://goo.gl/fbAQLP

exports[`<TimePicker/> renders correctly 1`] = `
<div
  className="pf-v5-c-panel"
>
  <div
    className="pf-v5-c-panel__main"
    style={
      Object {
        "--pf-v5-c-panel__main--MaxHeight": undefined,
      }
    }
  >
    <div
      className="pf-v5-c-panel__main-body"
    >
      <div
        className="pf-v5-l-level pf-m-gutter"
      >
        <div>
          <div
            aria-label="Hour"
            className="pf-v5-l-stack"
          >
            <div
              className="pf-v5-l-stack__item"
            >
              <h4
                className="pf-v5-c-title pf-m-md datetime-picker__time-text-top-label"
                data-ouia-component-id="OUIA-Generated-Title-1"
                data-ouia-component-type="PF5/Title"
                data-ouia-safe={true}
              >
                Hour
              </h4>
            </div>
            <div
              className="pf-v5-l-stack__item"
            >
              <button
                aria-disabled={false}
                aria-label="Increment hour24 value"
                className="pf-v5-c-button pf-m-primary datetime-picker__time-spin-box up"
                data-ouia-component-id="OUIA-Generated-Button-primary-1"
                data-ouia-component-type="PF5/Button"
                data-ouia-safe={true}
                disabled={false}
                onClick={[Function]}
                role={null}
                type="button"
              >
                <span
                  className="pf-v5-c-icon pf-m-md"
                >
                  <span
                    className="pf-v5-c-icon__content"
                  >
                    <svg
                      aria-hidden={true}
                      aria-labelledby={null}
                      className="pf-v5-svg"
                      fill="currentColor"
                      height="1em"
                      role="img"
                      viewBox="0 0 320 512"
                      width="1em"
                    >
                      <path
                        d="M177 159.7l136 136c9.4 9.4 9.4 24.6 0 33.9l-22.6 22.6c-9.4 9.4-24.6 9.4-33.9 0L160 255.9l-96.4 96.4c-9.4 9.4-24.6 9.4-33.9 0L7 329.7c-9.4-9.4-9.4-24.6 0-33.9l136-136c9.4-9.5 24.6-9.5 34-.1z"
                      />
                    </svg>
                  </span>
                </span>
              </button>
            </div>
            <div
              className="pf-v5-l-stack__item"
            >
              <span
                className="pf-v5-c-form-control datetime-picker__number-input"
              >
                <input
                  aria-invalid={false}
                  aria-label="Input hour24 value"
                  data-ouia-component-id="OUIA-Generated-TextInputBase-1"
                  data-ouia-component-type="PF5/TextInput"
                  data-ouia-safe={true}
                  disabled={false}
                  id="hour24-input"
                  max={23}
                  min={0}
                  onBlur={[Function]}
                  onChange={[Function]}
                  onFocus={[Function]}
                  required={false}
                  type="number"
                  value="13"
                />
              </span>
            </div>
            <div
              className="pf-v5-l-stack__item"
            >
              <button
                aria-disabled={false}
                aria-label="Decrement hour24 value"
                className="pf-v5-c-button pf-m-primary datetime-picker__time-spin-box down"
                data-ouia-component-id="OUIA-Generated-Button-primary-2"
                data-ouia-component-type="PF5/Button"
                data-ouia-safe={true}
                disabled={false}
                onClick={[Function]}
                role={null}
                type="button"
              >
                <span
                  className="pf-v5-c-icon pf-m-md"
                >
                  <span
                    className="pf-v5-c-icon__content"
                  >
                    <svg
                      aria-hidden={true}
                      aria-labelledby={null}
                      className="pf-v5-svg"
                      fill="currentColor"
                      height="1em"
                      role="img"
                      viewBox="0 0 320 512"
                      width="1em"
                    >
                      <path
                        d="M143 352.3L7 216.3c-9.4-9.4-9.4-24.6 0-33.9l22.6-22.6c9.4-9.4 24.6-9.4 33.9 0l96.4 96.4 96.4-96.4c9.4-9.4 24.6-9.4 33.9 0l22.6 22.6c9.4 9.4 9.4 24.6 0 33.9l-136 136c-9.2 9.4-24.4 9.4-33.8 0z"
                      />
                    </svg>
                  </span>
                </span>
              </button>
            </div>
          </div>
        </div>
        <div>
          <div
            className="datetime-picker__colon-divider"
          >
            :
          </div>
        </div>
        <div>
          <div
            aria-label="Minute"
            className="pf-v5-l-stack"
          >
            <div
              className="pf-v5-l-stack__item"
            >
              <h4
                className="pf-v5-c-title pf-m-md datetime-picker__time-text-top-label"
                data-ouia-component-id="OUIA-Generated-Title-2"
                data-ouia-component-type="PF5/Title"
                data-ouia-safe={true}
              >
                Minute
              </h4>
            </div>
            <div
              className="pf-v5-l-stack__item"
            >
              <button
                aria-disabled={false}
                aria-label="Increment minute value"
                className="pf-v5-c-button pf-m-primary datetime-picker__time-spin-box up"
                data-ouia-component-id="OUIA-Generated-Button-primary-3"
                data-ouia-component-type="PF5/Button"
                data-ouia-safe={true}
                disabled={false}
                onClick={[Function]}
                role={null}
                type="button"
              >
                <span
                  className="pf-v5-c-icon pf-m-md"
                >
                  <span
                    className="pf-v5-c-icon__content"
                  >
                    <svg
                      aria-hidden={true}
                      aria-labelledby={null}
                      className="pf-v5-svg"
                      fill="currentColor"
                      height="1em"
                      role="img"
                      viewBox="0 0 320 512"
                      width="1em"
                    >
                      <path
                        d="M177 159.7l136 136c9.4 9.4 9.4 24.6 0 33.9l-22.6 22.6c-9.4 9.4-24.6 9.4-33.9 0L160 255.9l-96.4 96.4c-9.4 9.4-24.6 9.4-33.9 0L7 329.7c-9.4-9.4-9.4-24.6 0-33.9l136-136c9.4-9.5 24.6-9.5 34-.1z"
                      />
                    </svg>
                  </span>
                </span>
              </button>
            </div>
            <div
              className="pf-v5-l-stack__item"
            >
              <span
                className="pf-v5-c-form-control datetime-picker__number-input"
              >
                <input
                  aria-invalid={false}
                  aria-label="Input minute value"
                  data-ouia-component-id="OUIA-Generated-TextInputBase-2"
                  data-ouia-component-type="PF5/TextInput"
                  data-ouia-safe={true}
                  disabled={false}
                  id="minute-input"
                  max={59}
                  min={0}
                  onBlur={[Function]}
                  onChange={[Function]}
                  onFocus={[Function]}
                  required={false}
                  type="number"
                  value="11"
                />
              </span>
            </div>
            <div
              className="pf-v5-l-stack__item"
            >
              <button
                aria-disabled={false}
                aria-label="Decrement minute value"
                className="pf-v5-c-button pf-m-primary datetime-picker__time-spin-box down"
                data-ouia-component-id="OUIA-Generated-Button-primary-4"
                data-ouia-component-type="PF5/Button"
                data-ouia-safe={true}
                disabled={false}
                onClick={[Function]}
                role={null}
                type="button"
              >
                <span
                  className="pf-v5-c-icon pf-m-md"
                >
                  <span
                    className="pf-v5-c-icon__content"
                  >
                    <svg
                      aria-hidden={true}
                      aria-labelledby={null}
                      className="pf-v5-svg"
                      fill="currentColor"
                      height="1em"
                      role="img"
                      viewBox="0 0 320 512"
                      width="1em"
                    >
                      <path
                        d="M143 352.3L7 216.3c-9.4-9.4-9.4-24.6 0-33.9l22.6-22.6c9.4-9.4 24.6-9.4 33.9 0l96.4 96.4 96.4-96.4c9.4-9.4 24.6-9.4 33.9 0l22.6 22.6c9.4 9.4 9.4 24.6 0 33.9l-136 136c-9.2 9.4-24.4 9.4-33.8 0z"
                      />
                    </svg>
                  </span>
                </span>
              </button>
            </div>
          </div>
        </div>
        <div>
          <div
            className="datetime-picker__colon-divider"
          >
            :
          </div>
        </div>
        <div>
          <div
            aria-label="Second"
            className="pf-v5-l-stack"
          >
            <div
              className="pf-v5-l-stack__item"
            >
              <h4
                className="pf-v5-c-title pf-m-md datetime-picker__time-text-top-label"
                data-ouia-component-id="OUIA-Generated-Title-3"
                data-ouia-component-type="PF5/Title"
                data-ouia-safe={true}
              >
                Second
              </h4>
            </div>
            <div
              className="pf-v5-l-stack__item"
            >
              <button
                aria-disabled={false}
                aria-label="Increment second value"
                className="pf-v5-c-button pf-m-primary datetime-picker__time-spin-box up"
                data-ouia-component-id="OUIA-Generated-Button-primary-5"
                data-ouia-component-type="PF5/Button"
                data-ouia-safe={true}
                disabled={false}
                onClick={[Function]}
                role={null}
                type="button"
              >
                <span
                  className="pf-v5-c-icon pf-m-md"
                >
                  <span
                    className="pf-v5-c-icon__content"
                  >
                    <svg
                      aria-hidden={true}
                      aria-labelledby={null}
                      className="pf-v5-svg"
                      fill="currentColor"
                      height="1em"
                      role="img"
                      viewBox="0 0 320 512"
                      width="1em"
                    >
                      <path
                        d="M177 159.7l136 136c9.4 9.4 9.4 24.6 0 33.9l-22.6 22.6c-9.4 9.4-24.6 9.4-33.9 0L160 255.9l-96.4 96.4c-9.4 9.4-24.6 9.4-33.9 0L7 329.7c-9.4-9.4-9.4-24.6 0-33.9l136-136c9.4-9.5 24.6-9.5 34-.1z"
                      />
                    </svg>
                  </span>
                </span>
              </button>
            </div>
            <div
              className="pf-v5-l-stack__item"
            >
              <span
                className="pf-v5-c-form-control datetime-picker__number-input"
              >
                <input
                  aria-invalid={false}
                  aria-label="Input second value"
                  data-ouia-component-id="OUIA-Generated-TextInputBase-3"
                  data-ouia-component-type="PF5/TextInput"
                  data-ouia-safe={true}
                  disabled={false}
                  id="second-input"
                  max={59}
                  min={0}
                  onBlur={[Function]}
                  onChange={[Function]}
                  onFocus={[Function]}
                  required={false}
                  type="number"
                  value="11"
                />
              </span>
            </div>
            <div
              className="pf-v5-l-stack__item"
            >
              <button
                aria-disabled={false}
                aria-label="Decrement second value"
                className="pf-v5-c-button pf-m-primary datetime-picker__time-spin-box down"
                data-ouia-component-id="OUIA-Generated-Button-primary-6"
                data-ouia-component-type="PF5/Button"
                data-ouia-safe={true}
                disabled={false}
                onClick={[Function]}
                role={null}
                type="button"
              >
                <span
                  className="pf-v5-c-icon pf-m-md"
                >
                  <span
                    className="pf-v5-c-icon__content"
                  >
                    <svg
                      aria-hidden={true}
                      aria-labelledby={null}
                      className="pf-v5-svg"
                      fill="currentColor"
                      height="1em"
                      role="img"
                      viewBox="0 0 320 512"
                      width="1em"
                    >
                      <path
                        d="M143 352.3L7 216.3c-9.4-9.4-9.4-24.6 0-33.9l22.6-22.6c9.4-9.4 24.6-9.4 33.9 0l96.4 96.4 96.4-96.4c9.4-9.4 24.6-9.4 33.9 0l22.6 22.6c9.4 9.4 9.4 24.6 0 33.9l-136 136c-9.2 9.4-24.4 9.4-33.8 0z"
                      />
                    </svg>
                  </span>
                </span>
              </button>
            </div>
          </div>
        </div>
      </div>
    </div>
    <hr
      className="pf-v5-c-divider"
    />
    <div
      className="pf-v5-c-panel__footer"
    >
      <div
        className="pf-v5-c-helper-text"
      >
        <div
          className="pf-v5-c-helper-text__item"
        >
          <span
            className="pf-v5-c-helper-text__item-text"
          >
            Use 24-hour time
          </span>
        </div>
      </div>
      <label
        className="pf-v5-c-switch"
        data-ouia-component-id="OUIA-Generated-Switch-1"
        data-ouia-component-type="PF5/Switch"
        data-ouia-safe={true}
        htmlFor="24-hour-switch"
      >
        <input
          aria-label=""
          aria-labelledby="24-hour-switch-on"
          checked={true}
          className="pf-v5-c-switch__input"
          disabled={false}
          id="24-hour-switch"
          onChange={[Function]}
          type="checkbox"
        />
        <span
          className="pf-v5-c-switch__toggle"
        />
        <span
          aria-hidden="true"
          className="pf-v5-c-switch__label pf-m-on"
          id="24-hour-switch-on"
        >
          24-hour
        </span>
        <span
          aria-hidden="true"
          className="pf-v5-c-switch__label pf-m-off"
          id="24-hour-switch-off"
        >
          24-hour
        </span>
      </label>
    </div>
  </div>
</div>
`;
