// Jest Snapshot v1, https://goo.gl/fbAQLP

exports[`<AutomatedAnalysisCardList /> renders correctly 1`] = `
Array [
  <h2>
    Unexpected Application Error!
  </h2>,
  <h3
    style={
      Object {
        "fontStyle": "italic",
      }
    }
  >
    Cannot read properties of null (reading 'offsetWidth')
  </h3>,
  <pre
    style={
      Object {
        "backgroundColor": "rgba(200,200,200, 0.5)",
        "padding": "0.5rem",
      }
    }
  >
    TypeError: Cannot read properties of null (reading 'offsetWidth')
    at /home/thvo/workspace/cryostat-web/node_modules/@patternfly/react-table/dist/js/components/Table/Td.js:136:38
    at invokePassiveEffectCreate (/home/thvo/workspace/cryostat-web/node_modules/react-test-renderer/cjs/react-test-renderer.development.js:14504:20)
    at HTMLUnknownElement.callCallback (/home/thvo/workspace/cryostat-web/node_modules/react-test-renderer/cjs/react-test-renderer.development.js:11391:14)
    at HTMLUnknownElement.callTheUserObjectsOperation (/home/thvo/workspace/cryostat-web/node_modules/jsdom/lib/jsdom/living/generated/EventListener.js:26:30)
    at innerInvokeEventListeners (/home/thvo/workspace/cryostat-web/node_modules/jsdom/lib/jsdom/living/events/EventTarget-impl.js:338:25)
    at invokeEventListeners (/home/thvo/workspace/cryostat-web/node_modules/jsdom/lib/jsdom/living/events/EventTarget-impl.js:274:3)
    at HTMLUnknownElementImpl._dispatch (/home/thvo/workspace/cryostat-web/node_modules/jsdom/lib/jsdom/living/events/EventTarget-impl.js:221:9)
    at HTMLUnknownElementImpl.dispatchEvent (/home/thvo/workspace/cryostat-web/node_modules/jsdom/lib/jsdom/living/events/EventTarget-impl.js:94:17)
    at HTMLUnknownElement.dispatchEvent (/home/thvo/workspace/cryostat-web/node_modules/jsdom/lib/jsdom/living/generated/EventTarget.js:231:34)
    at Object.invokeGuardedCallbackDev (/home/thvo/workspace/cryostat-web/node_modules/react-test-renderer/cjs/react-test-renderer.development.js:11440:16)
    at invokeGuardedCallback (/home/thvo/workspace/cryostat-web/node_modules/react-test-renderer/cjs/react-test-renderer.development.js:11499:31)
    at flushPassiveEffectsImpl (/home/thvo/workspace/cryostat-web/node_modules/react-test-renderer/cjs/react-test-renderer.development.js:14591:9)
    at unstable_runWithPriority (/home/thvo/workspace/cryostat-web/node_modules/scheduler/cjs/scheduler.development.js:468:12)
    at runWithPriority (/home/thvo/workspace/cryostat-web/node_modules/react-test-renderer/cjs/react-test-renderer.development.js:2486:10)
    at flushPassiveEffects (/home/thvo/workspace/cryostat-web/node_modules/react-test-renderer/cjs/react-test-renderer.development.js:14464:14)
    at performSyncWorkOnRoot (/home/thvo/workspace/cryostat-web/node_modules/react-test-renderer/cjs/react-test-renderer.development.js:13380:3)
    at /home/thvo/workspace/cryostat-web/node_modules/react-test-renderer/cjs/react-test-renderer.development.js:2537:26
    at unstable_runWithPriority (/home/thvo/workspace/cryostat-web/node_modules/scheduler/cjs/scheduler.development.js:468:12)
    at runWithPriority (/home/thvo/workspace/cryostat-web/node_modules/react-test-renderer/cjs/react-test-renderer.development.js:2486:10)
    at flushSyncCallbackQueueImpl (/home/thvo/workspace/cryostat-web/node_modules/react-test-renderer/cjs/react-test-renderer.development.js:2532:9)
    at flushSyncCallbackQueue (/home/thvo/workspace/cryostat-web/node_modules/react-test-renderer/cjs/react-test-renderer.development.js:2519:3)
    at batchedUpdates (/home/thvo/workspace/cryostat-web/node_modules/react-test-renderer/cjs/react-test-renderer.development.js:13459:7)
    at act (/home/thvo/workspace/cryostat-web/node_modules/react-test-renderer/cjs/react-test-renderer.development.js:15280:14)
    at /home/thvo/workspace/cryostat-web/src/test/utils.tsx:102:12
    at step (/home/thvo/workspace/cryostat-web/node_modules/tslib/tslib.js:195:27)
    at Object.next (/home/thvo/workspace/cryostat-web/node_modules/tslib/tslib.js:176:57)
    at /home/thvo/workspace/cryostat-web/node_modules/tslib/tslib.js:169:75
    at new Promise (&lt;anonymous&gt;)
    at Object.__awaiter (/home/thvo/workspace/cryostat-web/node_modules/tslib/tslib.js:165:16)
    at renderSnapshot (/home/thvo/workspace/cryostat-web/src/test/utils.tsx:99:60)
    at /home/thvo/workspace/cryostat-web/src/test/Dashboard/AutomatedAnalysis/AutomatedAnalysisCardList.test.tsx:85:38
    at step (/home/thvo/workspace/cryostat-web/node_modules/tslib/tslib.js:195:27)
    at Object.next (/home/thvo/workspace/cryostat-web/node_modules/tslib/tslib.js:176:57)
    at /home/thvo/workspace/cryostat-web/node_modules/tslib/tslib.js:169:75
    at new Promise (&lt;anonymous&gt;)
    at Object.__awaiter (/home/thvo/workspace/cryostat-web/node_modules/tslib/tslib.js:165:16)
    at Object.&lt;anonymous&gt; (/home/thvo/workspace/cryostat-web/src/test/Dashboard/AutomatedAnalysis/AutomatedAnalysisCardList.test.tsx:84:27)
    at Promise.then.completed (/home/thvo/workspace/cryostat-web/node_modules/jest-circus/build/utils.js:391:28)
    at new Promise (&lt;anonymous&gt;)
    at callAsyncCircusFn (/home/thvo/workspace/cryostat-web/node_modules/jest-circus/build/utils.js:316:10)
    at _callCircusTest (/home/thvo/workspace/cryostat-web/node_modules/jest-circus/build/run.js:218:40)
    at processTicksAndRejections (node:internal/process/task_queues:95:5)
    at _runTest (/home/thvo/workspace/cryostat-web/node_modules/jest-circus/build/run.js:155:3)
    at _runTestsForDescribeBlock (/home/thvo/workspace/cryostat-web/node_modules/jest-circus/build/run.js:66:9)
    at _runTestsForDescribeBlock (/home/thvo/workspace/cryostat-web/node_modules/jest-circus/build/run.js:60:9)
    at run (/home/thvo/workspace/cryostat-web/node_modules/jest-circus/build/run.js:25:3)
    at runAndTransformResultsToJestFormat (/home/thvo/workspace/cryostat-web/node_modules/jest-circus/build/legacy-code-todo-rewrite/jestAdapterInit.js:170:21)
    at jestAdapter (/home/thvo/workspace/cryostat-web/node_modules/jest-circus/build/legacy-code-todo-rewrite/jestAdapter.js:82:19)
    at runTestInternal (/home/thvo/workspace/cryostat-web/node_modules/jest-runner/build/runTest.js:389:16)
    at runTest (/home/thvo/workspace/cryostat-web/node_modules/jest-runner/build/runTest.js:475:34)
    at Object.worker (/home/thvo/workspace/cryostat-web/node_modules/jest-runner/build/testWorker.js:133:12)
  </pre>,
  <p>
    ðŸ’¿ Hey developer ðŸ‘‹
  </p>,
  <p>
    You can provide a way better UX than this when your app throws errors by providing your own 
    <code
      style={
        Object {
          "backgroundColor": "rgba(200,200,200, 0.5)",
          "padding": "2px 4px",
        }
      }
    >
      ErrorBoundary
    </code>
     or
     
    <code
      style={
        Object {
          "backgroundColor": "rgba(200,200,200, 0.5)",
          "padding": "2px 4px",
        }
      }
    >
      errorElement
    </code>
     prop on your route.
  </p>,
]
`;
