// Jest Snapshot v1, https://goo.gl/fbAQLP

exports[`<AutomatedAnalysisCard /> renders correctly 1`] = `
<div
  className="draggable-ref-wrapper"
  onDragStart={[Function]}
  onTransitionEnd={[Function]}
  style={Object {}}
>
  <div
    className="dashboard-card-resizable-wrapper"
  >
    <div
      className="pf-v5-c-card pf-m-compact pf-m-expanded pf-m-rounded dashboard-card"
      data-ouia-component-id="OUIA-Generated-Card-1"
      data-ouia-component-type="PF5/Card"
      data-ouia-safe={true}
      id="automated-analysis-card"
    >
      <div
        className="draggable-ref__grip"
        data-quickstart-id="card-draggable-grip"
        draggable={true}
        onMouseEnter={[Function]}
        onMouseLeave={[Function]}
      >
        <div
          className="pf-v5-c-card__header"
        >
          <div
            className="pf-v5-c-card__header-toggle"
          >
            <button
              aria-disabled={false}
              aria-expanded={true}
              aria-label="Details"
              aria-labelledby="automated-analysis-card-title toggle-details"
              className="pf-v5-c-button pf-m-plain"
              data-ouia-component-id="OUIA-Generated-Button-plain-1"
              data-ouia-component-type="PF5/Button"
              data-ouia-safe={true}
              disabled={false}
              id="automated-analysis-toggle-details"
              onClick={[Function]}
              role={null}
              type="button"
            >
              <span
                className="pf-v5-c-card__header-toggle-icon"
              >
                <svg
                  aria-hidden="true"
                  aria-labelledby={null}
                  className="pf-v5-svg"
                  fill="currentColor"
                  height="1em"
                  role="img"
                  viewBox="0 0 256 512"
                  width="1em"
                >
                  <path
                    d="M224.3 273l-136 136c-9.4 9.4-24.6 9.4-33.9 0l-22.6-22.6c-9.4-9.4-9.4-24.6 0-33.9l96.4-96.4-96.4-96.4c-9.4-9.4-9.4-24.6 0-33.9L54.3 103c9.4-9.4 24.6-9.4 33.9 0l136 136c9.5 9.4 9.5 24.6.1 34z"
                  />
                </svg>
              </span>
            </button>
          </div>
          <div
            className="pf-v5-c-card__actions"
          >
            <div
              style={
                Object {
                  "display": "contents",
                }
              }
            >
              <button
                aria-disabled={false}
                aria-label="refresh"
                className="pf-v5-c-button pf-m-plain"
                data-ouia-component-id="OUIA-Generated-Button-plain-2"
                data-ouia-component-type="PF5/Button"
                data-ouia-safe={true}
                disabled={false}
                onClick={[Function]}
                role={null}
                type="button"
              >
                <svg
                  aria-hidden={true}
                  aria-labelledby={null}
                  className="pf-v5-svg"
                  fill="currentColor"
                  height="1em"
                  role="img"
                  viewBox="0 0 1024 1024"
                  width="1em"
                >
                  <path
                    d="M1016,640.1 L724,640.1 L695.9,608.7 C701.8,597.3 706.7,585.2 710.5,572.7 L793.5,567.2 C799.9,566.3 804.9,559.9 804.9,553.5 L804.9,468.2 C804.8,461.7 800.2,456.2 793.8,454.4 L709.3,449.7 C705.5,437.7 700.5,426.1 694.7,415.1 L750.4,351.5 C754.3,346.3 753.3,338.3 748.8,333.8 L688.5,273.5 C684,269 676.8,268.3 671,271.6 L607.3,328.6 C596.4,322.9 585,318.2 573.2,314.5 L567.6,229.6 C566.7,223.2 560.3,218.2 553.9,218.2 L468.6,218.2 C462.2,218.2 456.7,222.8 454.9,229.2 L450.2,314.2 C438,317.9 426.3,322.8 415.2,328.6 L351.1,273.6 C345.9,269.7 337.9,270.7 333.4,275.2 L304.3,304.3 L240.6,240.6 C310.1,171.1 406.1,128 512,128 C718.3,128 887.2,291.6 895.6,495.9 C896,504.5 903.1,511.2 911.6,511.2 L1007.7,511.2 C1016.7,511.2 1024,503.7 1023.7,494.7 C1014.6,220.4 788.6,0 512.1,0 C370.9,0 242.9,57.5 150.2,150.1 L13.7,13.6 C8.6,8.6 0,12.2 0,19.3 L0,376.1 C0,380.5 3.6,384.1 8,384.1 L299.9,384.1 L328.1,414.6 C322,426 316.9,438 312.9,450.5 L230.1,456.9 C223.7,457.8 218.7,464.2 218.7,470.6 L218.7,555.9 C218.7,562.3 223.3,567.8 229.7,569.6 L312,572.9 C315.9,585.9 321,598.3 327.2,610.1 L274,672.1 C270.1,677.3 271.1,685.3 275.6,689.8 L335.9,750.1 C340.4,754.6 347.6,755.3 353.4,752 L413.3,696.7 C425.2,703.1 437.9,708.3 451,712.3 L457.2,793.1 C458.1,799.5 464.5,804.5 470.9,804.5 L556.2,804.5 C562.6,804.5 568.1,799.9 569.9,793.5 L573.1,711.7 C585.9,707.7 598.2,702.5 609.9,696.2 L671.4,750.1 C676.6,754 684.6,753 689.1,748.5 L718.9,718.7 L783.6,783.4 C714,852.9 618,896 512.1,896 C305.4,896 136.4,732.1 128.4,527.3 C128,518.7 121,512 112.4,512 L16.3,512 C7.3,512 0,519.5 0.3,528.5 C9,803.2 235.3,1024 512.1,1024 C653.2,1024 781.2,966.6 873.9,873.9 L1010.3,1010.4 C1015.4,1015.4 1024,1011.8 1024,1004.7 L1024,648 C1024,643.6 1020.4,640 1016,640.1 M511.1,640.9 C440.4,640.9 383.1,583.6 383.1,512.9 C383.1,442.2 440.4,384.9 511.1,384.9 C581.8,384.9 639.1,442.2 639.1,512.9 C639.1,583.6 581.8,640.9 511.1,640.9"
                  />
                </svg>
              </button>
            </div>
          </div>
          <div
            className="pf-v5-c-card__header-main"
          >
            <div
              className="pf-v5-l-flex"
            >
              <div
                className=""
              >
                <div
                  className="pf-v5-c-card__title"
                >
                  <h4
                    className="pf-v5-c-card__title-text"
                    id="automated-analysis-card-title"
                  >
                    Automated analysis
                  </h4>
                </div>
              </div>
              <div
                className=""
              >
                <div
                  className="pf-v5-c-label-group"
                >
                  <div
                    className="pf-v5-c-label-group__main"
                  >
                    
                    <ul
                      aria-label="Label group category"
                      className="pf-v5-c-label-group__list"
                      role="list"
                    >
                      <li
                        className="pf-v5-c-label-group__list-item"
                      >
                        <span
                          className="pf-v5-c-label pf-m-orange"
                          draggable={true}
                          onDragStart={[Function]}
                          onFocus={[Function]}
                          onMouseEnter={[Function]}
                          onMouseLeave={[Function]}
                        >
                          <button
                            className="pf-v5-c-label__content"
                            onClick={[Function]}
                            type="button"
                          >
                            <span
                              className="pf-v5-c-label__icon"
                            >
                              <svg
                                aria-hidden={true}
                                aria-labelledby={null}
                                className="pf-v5-svg"
                                fill="currentColor"
                                height="1em"
                                role="img"
                                viewBox="0 0 576 512"
                                width="1em"
                              >
                                <path
                                  d="M569.517 440.013C587.975 472.007 564.806 512 527.94 512H48.054c-36.937 0-59.999-40.055-41.577-71.987L246.423 23.985c18.467-32.009 64.72-31.951 83.154 0l239.94 416.028zM288 354c-25.405 0-46 20.595-46 46s20.595 46 46 46 46-20.595 46-46-20.595-46-46-46zm-43.673-165.346l7.418 136c.347 6.364 5.609 11.346 11.982 11.346h48.546c6.373 0 11.635-4.982 11.982-11.346l7.418-136c.375-6.874-5.098-12.654-11.982-12.654h-63.383c-6.884 0-12.356 5.78-11.981 12.654z"
                                />
                              </svg>
                            </span>
                            <span
                              className="pf-v5-c-label__text"
                            >
                              1 warning result
                            </span>
                          </button>
                        </span>
                      </li>
                    </ul>
                  </div>
                </div>
              </div>
            </div>
          </div>
        </div>
      </div>
      <div
        className="pf-v5-c-card__expandable-content"
      >
        <div
          className="pf-v5-c-card__body"
        >
          <div>
            TargetAnalysis
          </div>
        </div>
      </div>
    </div>
    <div
      className="resizable-ref"
      onMouseDown={[Function]}
    />
  </div>
</div>
`;
