// Jest Snapshot v1, https://goo.gl/fbAQLP

exports[`<DashboardLayoutConfig /> renders correctly 1`] = `
<div
  className="pf-c-toolbar"
  data-ouia-component-id="OUIA-Generated-Toolbar-1"
  data-ouia-component-type="PF4/Toolbar"
  data-ouia-safe={true}
  id="pf-random-id-0"
>
  <div
    className="pf-c-toolbar__content"
    style={
      Object {
        "paddingLeft": "24px",
      }
    }
  >
    <div
      className="pf-c-toolbar__content-section"
    >
      <div
        className="pf-c-toolbar__item"
      >
        <button
          aria-disabled={false}
          aria-label="New layout"
          className="pf-c-button pf-m-primary"
          data-ouia-component-id="OUIA-Generated-Button-primary-1"
          data-ouia-component-type="PF4/Button"
          data-ouia-safe={true}
          disabled={false}
          onClick={[Function]}
          role={null}
          type="button"
        >
          <span
            className="pf-c-button__icon pf-m-start"
          >
            <svg
              aria-hidden={true}
              aria-labelledby={null}
              fill="currentColor"
              height="1em"
              role="img"
              style={
                Object {
                  "verticalAlign": "-0.125em",
                }
              }
              viewBox="0 0 512 512"
              width="1em"
            >
              <path
                d="M256 8C119 8 8 119 8 256s111 248 248 248 248-111 248-248S393 8 256 8zm144 276c0 6.6-5.4 12-12 12h-92v92c0 6.6-5.4 12-12 12h-56c-6.6 0-12-5.4-12-12v-92h-92c-6.6 0-12-5.4-12-12v-56c0-6.6 5.4-12 12-12h92v-92c0-6.6 5.4-12 12-12h56c6.6 0 12 5.4 12 12v92h92c6.6 0 12 5.4 12 12v56z"
              />
            </svg>
          </span>
          New
        </button>
      </div>
      <div
        className="pf-c-toolbar__group"
      >
        <div
          className="pf-c-toolbar__item pf-m-spacer-none"
        >
          <div
            data-ouia-component-id="OUIA-Generated-Dropdown-1"
            data-ouia-component-type="PF4/Dropdown"
            data-ouia-safe={true}
          >
            <div
              style={
                Object {
                  "display": "contents",
                }
              }
            >
              <button
                aria-expanded={false}
                className="pf-c-menu-toggle"
                disabled={false}
                id="dashboard-layout-dropdown-toggle"
                onClick={[Function]}
                type="button"
              >
                <span
                  className="pf-c-menu-toggle__text"
                >
                  Default
                </span>
                <span
                  className="pf-c-menu-toggle__controls"
                >
                  <span
                    className="pf-c-menu-toggle__toggle-icon"
                  >
                    <svg
                      aria-hidden={true}
                      aria-labelledby={null}
                      fill="currentColor"
                      height="1em"
                      role="img"
                      style={
                        Object {
                          "verticalAlign": "-0.125em",
                        }
                      }
                      viewBox="0 0 320 512"
                      width="1em"
                    >
                      <path
                        d="M31.3 192h257.3c17.8 0 26.7 21.5 14.1 34.1L174.1 354.8c-7.8 7.8-20.5 7.8-28.3 0L17.2 226.1C4.6 213.5 13.5 192 31.3 192z"
                      />
                    </svg>
                  </span>
                </span>
              </button>
            </div>
          </div>
        </div>
        <div
          className="pf-c-toolbar__item"
        >
          <button
            aria-disabled={true}
            aria-label="Rename layout"
            className="pf-c-button pf-m-plain pf-m-aria-disabled"
            data-ouia-component-id="OUIA-Generated-Button-plain-1"
            data-ouia-component-type="PF4/Button"
            data-ouia-safe={true}
            disabled={false}
            onClick={[Function]}
            onKeyPress={[Function]}
            role={null}
            tabIndex={null}
            type="button"
          >
            <svg
              aria-hidden={true}
              aria-labelledby={null}
              fill="currentColor"
              height="1em"
              role="img"
              style={
                Object {
                  "verticalAlign": "-0.125em",
                }
              }
              viewBox="0 0 512 512"
              width="1em"
            >
              <path
                d="M497.9 142.1l-46.1 46.1c-4.7 4.7-12.3 4.7-17 0l-111-111c-4.7-4.7-4.7-12.3 0-17l46.1-46.1c18.7-18.7 49.1-18.7 67.9 0l60.1 60.1c18.8 18.7 18.8 49.1 0 67.9zM284.2 99.8L21.6 362.4.4 483.9c-2.9 16.4 11.4 30.6 27.8 27.8l121.5-21.3 262.6-262.6c4.7-4.7 4.7-12.3 0-17l-111-111c-4.8-4.7-12.4-4.7-17.1 0zM124.1 339.9c-5.5-5.5-5.5-14.3 0-19.8l154-154c5.5-5.5 14.3-5.5 19.8 0s5.5 14.3 0 19.8l-154 154c-5.5 5.5-14.3 5.5-19.8 0zM88 424h48v36.3l-64.5 11.3-31.1-31.1L51.7 376H88v48z"
              />
            </svg>
          </button>
        </div>
      </div>
      <div
        className="pf-c-toolbar__group pf-m-button-group"
      >
        <div
          className="pf-c-toolbar__item"
        >
          <button
            aria-disabled={false}
            aria-label="Upload layout"
            className="pf-c-button pf-m-secondary"
            data-ouia-component-id="OUIA-Generated-Button-secondary-1"
            data-ouia-component-type="PF4/Button"
            data-ouia-safe={true}
            disabled={false}
            onClick={[Function]}
            role={null}
            type="button"
          >
            <span
              className="pf-c-button__icon pf-m-start"
            >
              <svg
                aria-hidden={true}
                aria-labelledby={null}
                fill="currentColor"
                height="1em"
                role="img"
                style={
                  Object {
                    "verticalAlign": "-0.125em",
                  }
                }
                viewBox="0 0 512 512"
                width="1em"
              >
                <path
                  d="M296 384h-80c-13.3 0-24-10.7-24-24V192h-87.7c-17.8 0-26.7-21.5-14.1-34.1L242.3 5.7c7.5-7.5 19.8-7.5 27.3 0l152.2 152.2c12.6 12.6 3.7 34.1-14.1 34.1H320v168c0 13.3-10.7 24-24 24zm216-8v112c0 13.3-10.7 24-24 24H24c-13.3 0-24-10.7-24-24V376c0-13.3 10.7-24 24-24h136v8c0 30.9 25.1 56 56 56h80c30.9 0 56-25.1 56-56v-8h136c13.3 0 24 10.7 24 24zm-124 88c0-11-9-20-20-20s-20 9-20 20 9 20 20 20 20-9 20-20zm64 0c0-11-9-20-20-20s-20 9-20 20 9 20 20 20 20-9 20-20z"
                />
              </svg>
            </span>
            Upload
          </button>
        </div>
        <div
          className="pf-c-toolbar__item"
        >
          <button
            aria-disabled={false}
            aria-label="Download layout"
            className="pf-c-button pf-m-secondary"
            data-ouia-component-id="OUIA-Generated-Button-secondary-2"
            data-ouia-component-type="PF4/Button"
            data-ouia-safe={true}
            disabled={false}
            onClick={[Function]}
            role={null}
            type="button"
          >
            <span
              className="pf-c-button__icon pf-m-start"
            >
              <svg
                aria-hidden={true}
                aria-labelledby={null}
                fill="currentColor"
                height="1em"
                role="img"
                style={
                  Object {
                    "verticalAlign": "-0.125em",
                  }
                }
                viewBox="0 0 512 512"
                width="1em"
              >
                <path
                  d="M216 0h80c13.3 0 24 10.7 24 24v168h87.7c17.8 0 26.7 21.5 14.1 34.1L269.7 378.3c-7.5 7.5-19.8 7.5-27.3 0L90.1 226.1c-12.6-12.6-3.7-34.1 14.1-34.1H192V24c0-13.3 10.7-24 24-24zm296 376v112c0 13.3-10.7 24-24 24H24c-13.3 0-24-10.7-24-24V376c0-13.3 10.7-24 24-24h146.7l49 49c20.1 20.1 52.5 20.1 72.6 0l49-49H488c13.3 0 24 10.7 24 24zm-124 88c0-11-9-20-20-20s-20 9-20 20 9 20 20 20 20-9 20-20zm64 0c0-11-9-20-20-20s-20 9-20 20 9 20 20 20 20-9 20-20z"
                />
              </svg>
            </span>
            Download
          </button>
        </div>
        <div
          className="pf-c-toolbar__item"
        >
          <button
            aria-disabled={true}
            aria-label="Delete layout"
            className="pf-c-button pf-m-danger pf-m-aria-disabled"
            data-ouia-component-id="OUIA-Generated-Button-danger-1"
            data-ouia-component-type="PF4/Button"
            data-ouia-safe={true}
            disabled={false}
            onClick={[Function]}
            onKeyPress={[Function]}
            role={null}
            tabIndex={null}
            type="button"
          >
            <span
              className="pf-c-button__icon pf-m-start"
            >
              <svg
                aria-hidden={true}
                aria-labelledby={null}
                fill="currentColor"
                height="1em"
                role="img"
                style={
                  Object {
                    "verticalAlign": "-0.125em",
                  }
                }
                viewBox="0 0 448 512"
                width="1em"
              >
                <path
                  d="M432 32H312l-9.4-18.7A24 24 0 0 0 281.1 0H166.8a23.72 23.72 0 0 0-21.4 13.3L136 32H16A16 16 0 0 0 0 48v32a16 16 0 0 0 16 16h416a16 16 0 0 0 16-16V48a16 16 0 0 0-16-16zM53.2 467a48 48 0 0 0 47.9 45h245.8a48 48 0 0 0 47.9-45L416 128H32z"
                />
              </svg>
            </span>
            Delete
          </button>
        </div>
      </div>
    </div>
    <div
      className="pf-c-toolbar__expandable-content"
      id="pf-random-id-0-expandable-content-0"
    >
      <div
        className="pf-c-toolbar__group"
      />
    </div>
  </div>
  <div
    className="pf-c-toolbar__content pf-m-hidden"
    hidden={true}
  >
    <div
      className="pf-c-toolbar__group"
    />
  </div>
</div>
`;
