// Jest Snapshot v1, https://goo.gl/fbAQLP

exports[`<DashboardLayoutToolbar /> renders correctly 1`] = `
<div
  className="pf-v5-c-toolbar"
  data-ouia-component-id="OUIA-Generated-Toolbar-1"
  data-ouia-component-type="PF5/Toolbar"
  data-ouia-safe={true}
  id="pf-random-id-0"
>
  <div
    className="pf-v5-c-toolbar__content"
    style={
      Object {
        "paddingLeft": "24px",
      }
    }
  >
    <div
      className="pf-v5-c-toolbar__content-section"
    >
      <div
        className="pf-v5-c-toolbar__item"
      >
        <div
          id="dashboard-catalog-btn-wrapper"
        />
      </div>
      <div
        className="pf-v5-c-toolbar__group"
      >
        <div
          className="pf-v5-c-toolbar__item pf-m-spacer-none"
        >
          <button
            aria-expanded={false}
            className="pf-v5-c-menu-toggle"
            data-ouia-component-id="OUIA-Generated-MenuToggle-1"
            data-ouia-component-type="PF5/MenuToggle"
            data-ouia-safe={true}
            data-quickstart-id="dashboard-layout-selector"
            disabled={false}
            id="dashboard-layout-dropdown-toggle"
            onClick={[Function]}
            type="button"
          >
            <span
              className="pf-v5-c-menu-toggle__text"
            >
              Default
            </span>
            <span
              className="pf-v5-c-menu-toggle__controls"
            >
              <span
                className="pf-v5-c-menu-toggle__toggle-icon"
              >
                <svg
                  aria-hidden={true}
                  aria-labelledby={null}
                  className="pf-v5-svg"
                  fill="currentColor"
                  height="1em"
                  role="img"
                  viewBox="0 0 320 512"
                  width="1em"
                >
                  <path
                    d="M31.3 192h257.3c17.8 0 26.7 21.5 14.1 34.1L174.1 354.8c-7.8 7.8-20.5 7.8-28.3 0L17.2 226.1C4.6 213.5 13.5 192 31.3 192z"
                  />
                </svg>
              </span>
            </span>
          </button>
        </div>
        <div
          className="pf-v5-c-toolbar__item"
        >
          <button
            aria-disabled={true}
            aria-label="Rename layout"
            className="pf-v5-c-button pf-m-plain pf-m-aria-disabled"
            data-ouia-component-id="OUIA-Generated-Button-plain-1"
            data-ouia-component-type="PF5/Button"
            data-ouia-safe={true}
            data-quickstart-id="dashboard-rename-btn"
            disabled={false}
            onClick={[Function]}
            onKeyPress={[Function]}
            role={null}
            tabIndex={null}
            type="button"
          >
            <svg
              aria-hidden={true}
              aria-labelledby={null}
              className="pf-v5-svg"
              fill="currentColor"
              height="1em"
              role="img"
              viewBox="0 0 512 512"
              width="1em"
            >
              <path
                d="M497.9 142.1l-46.1 46.1c-4.7 4.7-12.3 4.7-17 0l-111-111c-4.7-4.7-4.7-12.3 0-17l46.1-46.1c18.7-18.7 49.1-18.7 67.9 0l60.1 60.1c18.8 18.7 18.8 49.1 0 67.9zM284.2 99.8L21.6 362.4.4 483.9c-2.9 16.4 11.4 30.6 27.8 27.8l121.5-21.3 262.6-262.6c4.7-4.7 4.7-12.3 0-17l-111-111c-4.8-4.7-12.4-4.7-17.1 0zM124.1 339.9c-5.5-5.5-5.5-14.3 0-19.8l154-154c5.5-5.5 14.3-5.5 19.8 0s5.5 14.3 0 19.8l-154 154c-5.5 5.5-14.3 5.5-19.8 0zM88 424h48v36.3l-64.5 11.3-31.1-31.1L51.7 376H88v48z"
              />
            </svg>
          </button>
        </div>
      </div>
      <div
        className="pf-v5-c-toolbar__group pf-m-button-group"
      >
        <div
          className="pf-v5-c-toolbar__item"
        >
          <button
            aria-disabled={true}
            aria-label="Delete layout"
            className="pf-v5-c-button pf-m-danger pf-m-aria-disabled"
            data-ouia-component-id="OUIA-Generated-Button-danger-1"
            data-ouia-component-type="PF5/Button"
            data-ouia-safe={true}
            data-quickstart-id="dashboard-delete-btn"
            disabled={false}
            onClick={[Function]}
            onKeyPress={[Function]}
            role={null}
            tabIndex={null}
            type="button"
          >
            <span
              className="pf-v5-c-button__icon pf-m-start"
            >
              <svg
                aria-hidden={true}
                aria-labelledby={null}
                className="pf-v5-svg"
                fill="currentColor"
                height="1em"
                role="img"
                viewBox="0 0 448 512"
                width="1em"
              >
                <path
                  d="M432 32H312l-9.4-18.7A24 24 0 0 0 281.1 0H166.8a23.72 23.72 0 0 0-21.4 13.3L136 32H16A16 16 0 0 0 0 48v32a16 16 0 0 0 16 16h416a16 16 0 0 0 16-16V48a16 16 0 0 0-16-16zM53.2 467a48 48 0 0 0 47.9 45h245.8a48 48 0 0 0 47.9-45L416 128H32z"
                />
              </svg>
            </span>
            Delete
          </button>
        </div>
        <div
          className="pf-v5-c-toolbar__item"
        >
          <button
            aria-expanded={false}
            aria-label="Layout menu"
            className="pf-v5-c-menu-toggle pf-m-plain"
            data-ouia-component-id="OUIA-Generated-MenuToggle-plain-1"
            data-ouia-component-type="PF5/MenuToggle"
            data-ouia-safe={true}
            data-quickstart-id="layout-toolbar-kebab-btn"
            disabled={false}
            onClick={[Function]}
            type="button"
          >
            <svg
              aria-hidden={true}
              aria-labelledby={null}
              className="pf-v5-svg"
              fill="currentColor"
              height="1em"
              role="img"
              viewBox="0 0 192 512"
              width="1em"
            >
              <path
                d="M96 184c39.8 0 72 32.2 72 72s-32.2 72-72 72-72-32.2-72-72 32.2-72 72-72zM24 80c0 39.8 32.2 72 72 72s72-32.2 72-72S135.8 8 96 8 24 40.2 24 80zm0 352c0 39.8 32.2 72 72 72s72-32.2 72-72-32.2-72-72-72-72 32.2-72 72z"
              />
            </svg>
          </button>
        </div>
      </div>
    </div>
  </div>
  <div
    className="pf-v5-c-toolbar__content pf-m-hidden"
    hidden={true}
  >
    <div
      className="pf-v5-c-toolbar__group"
    />
  </div>
</div>
`;
