// Jest Snapshot v1, https://goo.gl/fbAQLP

exports[`<AllArchivedRecordingsTable /> renders correctly 1`] = `
Array [
  <div
    className="pf-v5-c-toolbar"
    data-ouia-component-id="OUIA-Generated-Toolbar-1"
    data-ouia-component-type="PF5/Toolbar"
    data-ouia-safe={true}
    id="all-archives-toolbar"
  >
    <div
      className="pf-v5-c-toolbar__content"
    >
      <div
        className="pf-v5-c-toolbar__content-section"
      >
        <div
          className="pf-v5-c-toolbar__group pf-m-filter-group"
        >
          <div
            className="pf-v5-c-toolbar__item"
          >
            <div
              className="pf-v5-c-text-input-group"
            >
              <div
                className="pf-v5-c-text-input-group__main pf-m-icon"
                onKeyDown={[Function]}
              >
                <span
                  className="pf-v5-c-text-input-group__text"
                >
                  <span
                    className="pf-v5-c-text-input-group__icon"
                  >
                    <svg
                      aria-hidden={true}
                      aria-labelledby={null}
                      className="pf-v5-svg"
                      fill="currentColor"
                      height="1em"
                      role="img"
                      viewBox="0 0 512 512"
                      width="1em"
                    >
                      <path
                        d="M505 442.7L405.3 343c-4.5-4.5-10.6-7-17-7H372c27.6-35.3 44-79.7 44-128C416 93.1 322.9 0 208 0S0 93.1 0 208s93.1 208 208 208c48.3 0 92.7-16.4 128-44v16.3c0 6.4 2.5 12.5 7 17l99.7 99.7c9.4 9.4 24.6 9.4 33.9 0l28.3-28.3c9.4-9.4 9.4-24.6.1-34zM208 336c-70.7 0-128-57.2-128-128 0-70.7 57.2-128 128-128 70.7 0 128 57.2 128 128 0 70.7-57.2 128-128 128z"
                      />
                    </svg>
                  </span>
                  <input
                    aria-label="Search input"
                    className="pf-v5-c-text-input-group__text-input"
                    disabled={false}
                    onChange={[Function]}
                    placeholder="Search"
                    type="text"
                    value=""
                  />
                </span>
              </div>
              
            </div>
          </div>
        </div>
      </div>
    </div>
    <div
      className="pf-v5-c-toolbar__content pf-m-hidden"
      hidden={true}
    >
      <div
        className="pf-v5-c-toolbar__group"
      />
    </div>
  </div>,
  <div
    className="pf-v5-c-empty-state"
  >
    <div
      className="pf-v5-c-empty-state__content"
    >
      <div
        className="pf-v5-c-empty-state__header"
      >
        <div
          className="pf-v5-c-empty-state__icon"
        >
          <svg
            aria-hidden={true}
            aria-labelledby={null}
            className="pf-v5-svg"
            fill="currentColor"
            height="1em"
            role="img"
            viewBox="0 0 512 512"
            width="1em"
          >
            <path
              d="M505 442.7L405.3 343c-4.5-4.5-10.6-7-17-7H372c27.6-35.3 44-79.7 44-128C416 93.1 322.9 0 208 0S0 93.1 0 208s93.1 208 208 208c48.3 0 92.7-16.4 128-44v16.3c0 6.4 2.5 12.5 7 17l99.7 99.7c9.4 9.4 24.6 9.4 33.9 0l28.3-28.3c9.4-9.4 9.4-24.6.1-34zM208 336c-70.7 0-128-57.2-128-128 0-70.7 57.2-128 128-128 70.7 0 128 57.2 128 128 0 70.7-57.2 128-128 128z"
            />
          </svg>
        </div>
        <div
          className="pf-v5-c-empty-state__title"
        >
          <h4
            className="pf-v5-c-empty-state__title-text"
          >
            No Archived Recordings
          </h4>
        </div>
      </div>
    </div>
  </div>,
]
`;
