// Jest Snapshot v1, https://goo.gl/fbAQLP

exports[`<AllTargetsArchivedRecordingsTable /> renders correctly 1`] = `
<div
  className="archive-table-outer-container pf-v5-c-scroll-outer-wrapper"
>
  <div
    className="pf-v5-c-toolbar"
    data-ouia-component-id="OUIA-Generated-Toolbar-1"
    data-ouia-component-type="PF5/Toolbar"
    data-ouia-safe={true}
    id="all-targets-toolbar"
  >
    <div
      className="pf-v5-c-toolbar__content"
    >
      <div
        className="pf-v5-c-toolbar__content-section"
      >
        <div
          className="pf-v5-c-toolbar__group pf-m-filter-group"
        >
          <div
            className="pf-v5-c-toolbar__item"
          >
            <div
              className="pf-v5-c-text-input-group"
              style={
                Object {
                  "minWidth": "30ch",
                }
              }
            >
              <div
                className="pf-v5-c-text-input-group__main pf-m-icon"
                onKeyDown={[Function]}
              >
                <span
                  className="pf-v5-c-text-input-group__text"
                >
                  <span
                    className="pf-v5-c-text-input-group__icon"
                  >
                    <svg
                      aria-hidden={true}
                      aria-labelledby={null}
                      className="pf-v5-svg"
                      fill="currentColor"
                      height="1em"
                      role="img"
                      viewBox="0 0 512 512"
                      width="1em"
                    >
                      <path
                        d="M505 442.7L405.3 343c-4.5-4.5-10.6-7-17-7H372c27.6-35.3 44-79.7 44-128C416 93.1 322.9 0 208 0S0 93.1 0 208s93.1 208 208 208c48.3 0 92.7-16.4 128-44v16.3c0 6.4 2.5 12.5 7 17l99.7 99.7c9.4 9.4 24.6 9.4 33.9 0l28.3-28.3c9.4-9.4 9.4-24.6.1-34zM208 336c-70.7 0-128-57.2-128-128 0-70.7 57.2-128 128-128 70.7 0 128 57.2 128 128 0 70.7-57.2 128-128 128z"
                      />
                    </svg>
                  </span>
                  <input
                    aria-label="Search input"
                    className="pf-v5-c-text-input-group__text-input"
                    disabled={false}
                    onChange={[Function]}
                    placeholder="Find by connection URL or alias..."
                    type="text"
                    value=""
                  />
                </span>
              </div>
            </div>
          </div>
        </div>
        <div
          className="pf-v5-c-toolbar__item pf-m-align-self-center"
        >
          <div
            className="pf-v5-c-check"
          >
            <input
              aria-invalid={false}
              aria-label="all-targets-hide-check"
              checked={true}
              className="pf-v5-c-check__input"
              data-ouia-component-id="OUIA-Generated-Checkbox-1"
              data-ouia-component-type="PF5/Checkbox"
              data-ouia-safe={true}
              disabled={false}
              id="all-targets-hide-check"
              name="all-targets-hide-check"
              onChange={[Function]}
              required={false}
              type="checkbox"
            />
            <label
              className="pf-v5-c-check__label"
              htmlFor="all-targets-hide-check"
            >
              Hide targets with zero Recordings
            </label>
          </div>
        </div>
      </div>
    </div>
    <div
      className="pf-v5-c-toolbar__content pf-m-hidden"
      hidden={true}
    >
      <div
        className="pf-v5-c-toolbar__group"
      />
    </div>
  </div>
  <div
    className="archive-table-inner-container pf-v5-c-scroll-inner-wrapper"
  >
    <table
      aria-label="all-targets-table"
      className="pf-v5-c-table pf-m-grid-md pf-m-sticky-header"
      data-ouia-component-id="OUIA-Generated-Table-1"
      data-ouia-component-type="PF5/Table"
      data-ouia-safe={true}
      role="grid"
    >
      <thead
        className="pf-v5-c-table__thead"
      >
        <tr
          className="pf-v5-c-table__tr"
          data-ouia-component-id="OUIA-Generated-TableRow-1"
          data-ouia-component-type="PF5/TableRow"
          data-ouia-safe={true}
          hidden={false}
        >
          <th
            className="pf-v5-c-table__th"
            onBlur={[Function]}
            onFocus={[Function]}
            onMouseEnter={[Function]}
            scope="col"
            tabIndex={-1}
          />
          <th
            aria-sort="none"
            className="pf-v5-c-table__th pf-v5-c-table__sort pf-m-width-80"
            onBlur={[Function]}
            onFocus={[Function]}
            onMouseEnter={[Function]}
            scope="col"
            tabIndex={-1}
          >
            <button
              className="pf-v5-c-table__button"
              onBlur={[Function]}
              onClick={[Function]}
              onFocus={[Function]}
              type="button"
            >
              <div
                className="pf-v5-c-table__button-content"
              >
                <span
                  className="pf-v5-c-table__text"
                  onMouseEnter={[Function]}
                >
                  Target
                </span>
                <span
                  className="pf-v5-c-table__sort-indicator"
                >
                  <svg
                    aria-hidden={true}
                    aria-labelledby={null}
                    className="pf-v5-svg"
                    fill="currentColor"
                    height="1em"
                    role="img"
                    viewBox="0 0 256 512"
                    width="1em"
                  >
                    <path
                      d="M214.059 377.941H168V134.059h46.059c21.382 0 32.09-25.851 16.971-40.971L144.971 7.029c-9.373-9.373-24.568-9.373-33.941 0L24.971 93.088c-15.119 15.119-4.411 40.971 16.971 40.971H88v243.882H41.941c-21.382 0-32.09 25.851-16.971 40.971l86.059 86.059c9.373 9.373 24.568 9.373 33.941 0l86.059-86.059c15.12-15.119 4.412-40.971-16.97-40.971z"
                    />
                  </svg>
                </span>
              </div>
            </button>
          </th>
          <th
            aria-sort="none"
            className="pf-v5-c-table__th pf-v5-c-table__sort pf-m-width-15"
            onBlur={[Function]}
            onFocus={[Function]}
            onMouseEnter={[Function]}
            scope="col"
            tabIndex={-1}
          >
            <button
              className="pf-v5-c-table__button"
              onBlur={[Function]}
              onClick={[Function]}
              onFocus={[Function]}
              type="button"
            >
              <div
                className="pf-v5-c-table__button-content"
              >
                <span
                  className="pf-v5-c-table__text"
                  onMouseEnter={[Function]}
                >
                  Archives
                </span>
                <span
                  className="pf-v5-c-table__sort-indicator"
                >
                  <svg
                    aria-hidden={true}
                    aria-labelledby={null}
                    className="pf-v5-svg"
                    fill="currentColor"
                    height="1em"
                    role="img"
                    viewBox="0 0 256 512"
                    width="1em"
                  >
                    <path
                      d="M214.059 377.941H168V134.059h46.059c21.382 0 32.09-25.851 16.971-40.971L144.971 7.029c-9.373-9.373-24.568-9.373-33.941 0L24.971 93.088c-15.119 15.119-4.411 40.971 16.971 40.971H88v243.882H41.941c-21.382 0-32.09 25.851-16.971 40.971l86.059 86.059c9.373 9.373 24.568 9.373 33.941 0l86.059-86.059c15.12-15.119 4.412-40.971-16.97-40.971z"
                    />
                  </svg>
                </span>
              </div>
            </button>
          </th>
        </tr>
      </thead>
      <tbody
        className="pf-v5-c-table__tbody"
        role="rowgroup"
      >
        <tr
          className="pf-v5-c-table__tr"
          data-ouia-component-id="OUIA-Generated-TableRow-2"
          data-ouia-component-type="PF5/TableRow"
          data-ouia-safe={true}
          hidden={false}
        >
          <td
            aria-controls="target-ex-expand-0"
            className="pf-v5-c-table__td pf-v5-c-table__toggle"
            id="target-ex-toggle-0"
            onBlur={[Function]}
            onFocus={[Function]}
            onMouseEnter={[Function]}
            tabIndex={-1}
          >
            <button
              aria-disabled={false}
              aria-expanded={false}
              aria-label="Details"
              aria-labelledby="simple-node0 expand-toggle0"
              className="pf-v5-c-button pf-m-plain"
              data-ouia-component-id="OUIA-Generated-Button-plain-1"
              data-ouia-component-type="PF5/Button"
              data-ouia-safe={true}
              disabled={false}
              id="expand-toggle0"
              onClick={[Function]}
              role={null}
              type="button"
            >
              <div
                className="pf-v5-c-table__toggle-icon"
              >
                <svg
                  aria-hidden={true}
                  aria-labelledby={null}
                  className="pf-v5-svg"
                  fill="currentColor"
                  height="1em"
                  role="img"
                  viewBox="0 0 320 512"
                  width="1em"
                >
                  <path
                    d="M143 352.3L7 216.3c-9.4-9.4-9.4-24.6 0-33.9l22.6-22.6c9.4-9.4 24.6-9.4 33.9 0l96.4 96.4 96.4-96.4c9.4-9.4 24.6-9.4 33.9 0l22.6 22.6c9.4 9.4 9.4 24.6 0 33.9l-136 136c-9.2 9.4-24.4 9.4-33.8 0z"
                  />
                </svg>
              </div>
            </button>
          </td>
          <td
            className="pf-v5-c-table__td"
            data-label="Target"
            onBlur={[Function]}
            onFocus={[Function]}
            onMouseEnter={[Function]}
            tabIndex={-1}
          >
            fooTarget1 (service:jmx:rmi://someUrl1)
          </td>
          <td
            className="pf-v5-c-table__td"
            data-label="Archives"
            onBlur={[Function]}
            onFocus={[Function]}
            onMouseEnter={[Function]}
            tabIndex={-1}
          >
            <button
              aria-disabled={false}
              aria-label={null}
              className="pf-v5-c-button pf-m-plain"
              data-ouia-component-id="OUIA-Generated-Button-plain-1"
              data-ouia-component-type="PF5/Button"
              data-ouia-safe={true}
              disabled={false}
              onClick={[Function]}
              role={null}
              type="button"
            >
              <span
                className="pf-v5-c-icon"
              >
                <span
                  className="pf-v5-c-icon__content pf-m-md"
                >
                  <svg
                    aria-hidden={true}
                    aria-labelledby={null}
                    className="pf-v5-svg"
                    fill="currentColor"
                    height="1em"
                    role="img"
                    viewBox="0 0 384 512"
                    width="1em"
                  >
                    <path
                      d="M224 136V0H24C10.7 0 0 10.7 0 24v464c0 13.3 10.7 24 24 24h336c13.3 0 24-10.7 24-24V160H248c-13.2 0-24-10.8-24-24zm160-14.1v6.1H256V0h6.1c6.4 0 12.5 2.5 17 7l97.9 98c4.5 4.5 7 10.6 7 16.9z"
                    />
                  </svg>
                </span>
              </span>
              <span
                style={
                  Object {
                    "marginLeft": "var(--pf-v5-global--spacer--sm)",
                  }
                }
              >
                1
              </span>
            </button>
          </td>
        </tr>
        <tr
          className="pf-v5-c-table__tr pf-v5-c-table__expandable-row"
          data-ouia-component-id="OUIA-Generated-TableRow-3"
          data-ouia-component-type="PF5/TableRow"
          data-ouia-safe={true}
          hidden={true}
        >
          <td
            className="pf-v5-c-table__td"
            colSpan={3}
            data-label="Content Details"
            onBlur={[Function]}
            onFocus={[Function]}
            onMouseEnter={[Function]}
            tabIndex={-1}
          />
        </tr>
        <tr
          className="pf-v5-c-table__tr"
          data-ouia-component-id="OUIA-Generated-TableRow-4"
          data-ouia-component-type="PF5/TableRow"
          data-ouia-safe={true}
          hidden={false}
        >
          <td
            aria-controls="target-ex-expand-1"
            className="pf-v5-c-table__td pf-v5-c-table__toggle"
            id="target-ex-toggle-1"
            onBlur={[Function]}
            onFocus={[Function]}
            onMouseEnter={[Function]}
            tabIndex={-1}
          >
            <button
              aria-disabled={false}
              aria-expanded={false}
              aria-label="Details"
              aria-labelledby="simple-node1 expand-toggle1"
              className="pf-v5-c-button pf-m-plain"
              data-ouia-component-id="OUIA-Generated-Button-plain-2"
              data-ouia-component-type="PF5/Button"
              data-ouia-safe={true}
              disabled={false}
              id="expand-toggle1"
              onClick={[Function]}
              role={null}
              type="button"
            >
              <div
                className="pf-v5-c-table__toggle-icon"
              >
                <svg
                  aria-hidden={true}
                  aria-labelledby={null}
                  className="pf-v5-svg"
                  fill="currentColor"
                  height="1em"
                  role="img"
                  viewBox="0 0 320 512"
                  width="1em"
                >
                  <path
                    d="M143 352.3L7 216.3c-9.4-9.4-9.4-24.6 0-33.9l22.6-22.6c9.4-9.4 24.6-9.4 33.9 0l96.4 96.4 96.4-96.4c9.4-9.4 24.6-9.4 33.9 0l22.6 22.6c9.4 9.4 9.4 24.6 0 33.9l-136 136c-9.2 9.4-24.4 9.4-33.8 0z"
                  />
                </svg>
              </div>
            </button>
          </td>
          <td
            className="pf-v5-c-table__td"
            data-label="Target"
            onBlur={[Function]}
            onFocus={[Function]}
            onMouseEnter={[Function]}
            tabIndex={-1}
          >
            fooTarget2 (service:jmx:rmi://someUrl2)
          </td>
          <td
            className="pf-v5-c-table__td"
            data-label="Archives"
            onBlur={[Function]}
            onFocus={[Function]}
            onMouseEnter={[Function]}
            tabIndex={-1}
          >
            <button
              aria-disabled={false}
              aria-label={null}
              className="pf-v5-c-button pf-m-plain"
              data-ouia-component-id="OUIA-Generated-Button-plain-2"
              data-ouia-component-type="PF5/Button"
              data-ouia-safe={true}
              disabled={false}
              onClick={[Function]}
              role={null}
              type="button"
            >
              <span
                className="pf-v5-c-icon"
              >
                <span
                  className="pf-v5-c-icon__content pf-m-md"
                >
                  <svg
                    aria-hidden={true}
                    aria-labelledby={null}
                    className="pf-v5-svg"
                    fill="currentColor"
                    height="1em"
                    role="img"
                    viewBox="0 0 384 512"
                    width="1em"
                  >
                    <path
                      d="M224 136V0H24C10.7 0 0 10.7 0 24v464c0 13.3 10.7 24 24 24h336c13.3 0 24-10.7 24-24V160H248c-13.2 0-24-10.8-24-24zm160-14.1v6.1H256V0h6.1c6.4 0 12.5 2.5 17 7l97.9 98c4.5 4.5 7 10.6 7 16.9z"
                    />
                  </svg>
                </span>
              </span>
              <span
                style={
                  Object {
                    "marginLeft": "var(--pf-v5-global--spacer--sm)",
                  }
                }
              >
                3
              </span>
            </button>
          </td>
        </tr>
        <tr
          className="pf-v5-c-table__tr pf-v5-c-table__expandable-row"
          data-ouia-component-id="OUIA-Generated-TableRow-5"
          data-ouia-component-type="PF5/TableRow"
          data-ouia-safe={true}
          hidden={true}
        >
          <td
            className="pf-v5-c-table__td"
            colSpan={3}
            data-label="Content Details"
            onBlur={[Function]}
            onFocus={[Function]}
            onMouseEnter={[Function]}
            tabIndex={-1}
          />
        </tr>
      </tbody>
    </table>
  </div>
</div>
`;
