// Jest Snapshot v1, https://goo.gl/fbAQLP

exports[`<Archives /> renders correctly 1`] = `
Array [
  <h2>
    Unexpected Application Error!
  </h2>,
  <h3
    style={
      Object {
        "fontStyle": "italic",
      }
    }
  >
    {}
  </h3>,
  <p>
    ðŸ’¿ Hey developer ðŸ‘‹
  </p>,
  <p>
    You can provide a way better UX than this when your app throws errors by providing your own 
    <code
      style={
        Object {
          "backgroundColor": "rgba(200,200,200, 0.5)",
          "padding": "2px 4px",
        }
      }
    >
      ErrorBoundary
    </code>
     or
     
    <code
      style={
        Object {
          "backgroundColor": "rgba(200,200,200, 0.5)",
          "padding": "2px 4px",
        }
      }
    >
      errorElement
    </code>
     prop on your route.
  </p>,
]
`;
