// Jest Snapshot v1, https://goo.gl/fbAQLP

exports[`<AutoRefresh/> renders correctly 1`] = `
Array [
  <div
    className="pf-v5-l-split pf-m-gutter"
  >
    <div
      className="pf-v5-l-split__item pf-m-fill"
    >
      <span
        className="pf-v5-c-form-control pf-m-disabled"
      >
        <input
          aria-invalid={false}
          aria-label="Duration Picker Period Input"
          data-ouia-component-id="OUIA-Generated-TextInputBase-1"
          data-ouia-component-type="PF5/TextInput"
          data-ouia-safe={true}
          disabled={true}
          id="duration-picker-period"
          min="0"
          onBlur={[Function]}
          onChange={[Function]}
          onFocus={[Function]}
          required={true}
          type="number"
          value={30}
        />
      </span>
    </div>
    <div
      className="pf-v5-l-split__item"
    >
      <span
        className="pf-v5-c-form-control pf-m-disabled"
      >
        <select
          aria-invalid={false}
          aria-label="Duration Picker Units Input"
          data-ouia-component-id="OUIA-Generated-FormSelect-default-1"
          data-ouia-component-type="PF5/FormSelect"
          data-ouia-safe={true}
          disabled={true}
          onBlur={[Function]}
          onChange={[Function]}
          onFocus={[Function]}
          required={false}
          value={1000}
        >
          <option
            className=""
            disabled={false}
            value={1000}
          >
            Seconds
          </option>
          <option
            className=""
            disabled={false}
            value={60000}
          >
            Minutes
          </option>
          <option
            className=""
            disabled={false}
            value={3600000}
          >
            Hours
          </option>
        </select>
        <span
          className="pf-v5-c-form-control__utilities"
        >
          <span
            className="pf-v5-c-form-control__toggle-icon"
          >
            <svg
              aria-hidden={true}
              aria-labelledby={null}
              className="pf-v5-svg"
              fill="currentColor"
              height="1em"
              role="img"
              viewBox="0 0 320 512"
              width="1em"
            >
              <path
                d="M31.3 192h257.3c17.8 0 26.7 21.5 14.1 34.1L174.1 354.8c-7.8 7.8-20.5 7.8-28.3 0L17.2 226.1C4.6 213.5 13.5 192 31.3 192z"
              />
            </svg>
          </span>
        </span>
      </span>
    </div>
  </div>,
  <div
    className="pf-v5-c-check"
  >
    <input
      aria-invalid={false}
      checked={false}
      className="pf-v5-c-check__input"
      data-ouia-component-id="OUIA-Generated-Checkbox-1"
      data-ouia-component-type="PF5/Checkbox"
      data-ouia-safe={true}
      data-quickstart-id="settings-connectivity-tab-auto-refresh"
      disabled={false}
      id="auto-refresh-enabled"
      onChange={[Function]}
      required={false}
      type="checkbox"
    />
    <label
      className="pf-v5-c-check__label"
      htmlFor="auto-refresh-enabled"
    >
      Enabled
    </label>
  </div>,
]
`;
