// Jest Snapshot v1, https://goo.gl/fbAQLP

exports[`<NotificationControl/> renders correctly 1`] = `
<div
  className="pf-v5-l-stack pf-m-gutter"
>
  <div
    className="pf-v5-l-stack__item"
  >
    <div
      className="pf-v5-c-form__group"
    >
      <div
        className="pf-v5-c-form__group-control"
      >
        <div
          className="pf-v5-c-helper-text"
        >
          <div
            className="pf-v5-c-helper-text__item"
          >
            <span
              className="pf-v5-c-helper-text__item-text"
            >
              Enable or disable all notifications.
            </span>
          </div>
        </div>
        <label
          className="pf-v5-c-switch"
          data-ouia-component-id="OUIA-Generated-Switch-1"
          data-ouia-component-type="PF5/Switch"
          data-ouia-safe={true}
          htmlFor="all-notifications"
        >
          <input
            aria-label=""
            aria-labelledby="all-notifications-on"
            checked={true}
            className="pf-v5-c-switch__input"
            disabled={false}
            id="all-notifications"
            onChange={[Function]}
            type="checkbox"
          />
          <span
            className="pf-v5-c-switch__toggle"
          />
          <span
            aria-hidden="true"
            className="pf-v5-c-switch__label pf-m-on"
            id="all-notifications-on"
          >
            All notifications
          </span>
          <span
            aria-hidden="true"
            className="pf-v5-c-switch__label pf-m-off"
            id="all-notifications-off"
          >
            All notifications
          </span>
        </label>
      </div>
    </div>
  </div>
  <div
    className="pf-v5-l-stack__item"
  >
    <div
      className="pf-v5-c-form__group"
    >
      <div
        className="pf-v5-c-form__group-control"
      >
        <div
          className="pf-v5-c-helper-text"
        >
          <div
            className="pf-v5-c-helper-text__item"
          >
            <span
              className="pf-v5-c-helper-text__item-text"
            >
              Control the maximum number of notification alerts that appear at once.
            </span>
          </div>
        </div>
        <div
          className="pf-v5-c-number-input"
        >
          <div
            className="pf-v5-c-input-group"
          >
            <div
              className="pf-v5-c-input-group__item"
            >
              <button
                aria-disabled={false}
                aria-label="Minus"
                className="pf-v5-c-button pf-m-control"
                data-ouia-component-id="OUIA-Generated-Button-control-1"
                data-ouia-component-type="PF5/Button"
                data-ouia-safe={true}
                disabled={false}
                onClick={[Function]}
                role={null}
                type="button"
              >
                <span
                  className="pf-v5-c-number-input__icon"
                >
                  <svg
                    aria-hidden="true"
                    aria-labelledby={null}
                    className="pf-v5-svg"
                    fill="currentColor"
                    height="1em"
                    role="img"
                    viewBox="0 0 448 512"
                    width="1em"
                  >
                    <path
                      d="M416 208H32c-17.67 0-32 14.33-32 32v32c0 17.67 14.33 32 32 32h384c17.67 0 32-14.33 32-32v-32c0-17.67-14.33-32-32-32z"
                    />
                  </svg>
                </span>
              </button>
            </div>
            <div
              className="pf-v5-c-input-group__item"
            >
              <span
                className="pf-v5-c-form-control"
              >
                <input
                  aria-invalid={false}
                  aria-label="Input"
                  data-ouia-component-id="OUIA-Generated-TextInputBase-1"
                  data-ouia-component-type="PF5/TextInput"
                  data-ouia-safe={true}
                  disabled={false}
                  name="alert count"
                  onBlur={[Function]}
                  onChange={[Function]}
                  onFocus={[Function]}
                  onKeyDown={[Function]}
                  required={false}
                  type="number"
                  value={5}
                />
              </span>
            </div>
            <div
              className="pf-v5-c-input-group__item"
            >
              <button
                aria-disabled={false}
                aria-label="Plus"
                className="pf-v5-c-button pf-m-control"
                data-ouia-component-id="OUIA-Generated-Button-control-2"
                data-ouia-component-type="PF5/Button"
                data-ouia-safe={true}
                disabled={false}
                onClick={[Function]}
                role={null}
                type="button"
              >
                <span
                  className="pf-v5-c-number-input__icon"
                >
                  <svg
                    aria-hidden="true"
                    aria-labelledby={null}
                    className="pf-v5-svg"
                    fill="currentColor"
                    height="1em"
                    role="img"
                    viewBox="0 0 448 512"
                    width="1em"
                  >
                    <path
                      d="M416 208H272V64c0-17.67-14.33-32-32-32h-32c-17.67 0-32 14.33-32 32v144H32c-17.67 0-32 14.33-32 32v32c0 17.67 14.33 32 32 32h144v144c0 17.67 14.33 32 32 32h32c17.67 0 32-14.33 32-32V304h144c17.67 0 32-14.33 32-32v-32c0-17.67-14.33-32-32-32z"
                    />
                  </svg>
                </span>
              </button>
            </div>
          </div>
        </div>
      </div>
    </div>
  </div>
  <div
    className="pf-v5-l-stack__item"
  >
    <div
      className="pf-v5-c-expandable-section"
    >
      <button
        aria-controls="expandable-section-content-1717748448129qag9p523vjj"
        aria-expanded={false}
        className="pf-v5-c-expandable-section__toggle"
        id="expandable-section-toggle-1717748448130xo7znv5n5mo"
        onClick={[Function]}
        type="button"
      >
        <span
          className="pf-v5-c-expandable-section__toggle-icon"
        >
          <svg
            aria-hidden={true}
            aria-labelledby={null}
            className="pf-v5-svg"
            fill="currentColor"
            height="1em"
            role="img"
            viewBox="0 0 256 512"
            width="1em"
          >
            <path
              d="M224.3 273l-136 136c-9.4 9.4-24.6 9.4-33.9 0l-22.6-22.6c-9.4-9.4-9.4-24.6 0-33.9l96.4-96.4-96.4-96.4c-9.4-9.4-9.4-24.6 0-33.9L54.3 103c9.4-9.4 24.6-9.4 33.9 0l136 136c9.5 9.4 9.5 24.6.1 34z"
            />
          </svg>
        </span>
        <span
          className="pf-v5-c-expandable-section__toggle-text"
        >
          Show more
        </span>
      </button>
      <div
        aria-labelledby="expandable-section-toggle-1717748448130xo7znv5n5mo"
        className="pf-v5-c-expandable-section__content"
        hidden={true}
        id="expandable-section-content-1717748448129qag9p523vjj"
        role="region"
      >
        <div
          className="pf-v5-l-stack__item"
        >
          <label
            className="pf-v5-c-switch"
            data-ouia-component-id="OUIA-Generated-Switch-2"
            data-ouia-component-type="PF5/Switch"
            data-ouia-safe={true}
            htmlFor="WsClientActivity"
          >
            <input
              aria-label=""
              aria-labelledby="WsClientActivity-on"
              checked={true}
              className="pf-v5-c-switch__input"
              disabled={false}
              id="WsClientActivity"
              onChange={[Function]}
              type="checkbox"
            />
            <span
              className="pf-v5-c-switch__toggle"
            />
            <span
              aria-hidden="true"
              className="pf-v5-c-switch__label pf-m-on"
              id="WsClientActivity-on"
            >
              WebSocket client activity
            </span>
            <span
              aria-hidden="true"
              className="pf-v5-c-switch__label pf-m-off"
              id="WsClientActivity-off"
            >
              WebSocket client activity
            </span>
          </label>
        </div>
        <div
          className="pf-v5-l-stack__item"
        >
          <label
            className="pf-v5-c-switch"
            data-ouia-component-id="OUIA-Generated-Switch-3"
            data-ouia-component-type="PF5/Switch"
            data-ouia-safe={true}
            htmlFor="TargetJvmDiscovery"
          >
            <input
              aria-label=""
              aria-labelledby="TargetJvmDiscovery-on"
              checked={true}
              className="pf-v5-c-switch__input"
              disabled={false}
              id="TargetJvmDiscovery"
              onChange={[Function]}
              type="checkbox"
            />
            <span
              className="pf-v5-c-switch__toggle"
            />
            <span
              aria-hidden="true"
              className="pf-v5-c-switch__label pf-m-on"
              id="TargetJvmDiscovery-on"
            >
              Target JVM discovery
            </span>
            <span
              aria-hidden="true"
              className="pf-v5-c-switch__label pf-m-off"
              id="TargetJvmDiscovery-off"
            >
              Target JVM discovery
            </span>
          </label>
        </div>
        <div
          className="pf-v5-l-stack__item"
        >
          <label
            className="pf-v5-c-switch"
            data-ouia-component-id="OUIA-Generated-Switch-4"
            data-ouia-component-type="PF5/Switch"
            data-ouia-safe={true}
            htmlFor="ActiveRecordingCreated"
          >
            <input
              aria-label=""
              aria-labelledby="ActiveRecordingCreated-on"
              checked={true}
              className="pf-v5-c-switch__input"
              disabled={false}
              id="ActiveRecordingCreated"
              onChange={[Function]}
              type="checkbox"
            />
            <span
              className="pf-v5-c-switch__toggle"
            />
            <span
              aria-hidden="true"
              className="pf-v5-c-switch__label pf-m-on"
              id="ActiveRecordingCreated-on"
            >
              Recording created
            </span>
            <span
              aria-hidden="true"
              className="pf-v5-c-switch__label pf-m-off"
              id="ActiveRecordingCreated-off"
            >
              Recording created
            </span>
          </label>
        </div>
        <div
          className="pf-v5-l-stack__item"
        >
          <label
            className="pf-v5-c-switch"
            data-ouia-component-id="OUIA-Generated-Switch-5"
            data-ouia-component-type="PF5/Switch"
            data-ouia-safe={true}
            htmlFor="ActiveRecordingStopped"
          >
            <input
              aria-label=""
              aria-labelledby="ActiveRecordingStopped-on"
              checked={true}
              className="pf-v5-c-switch__input"
              disabled={false}
              id="ActiveRecordingStopped"
              onChange={[Function]}
              type="checkbox"
            />
            <span
              className="pf-v5-c-switch__toggle"
            />
            <span
              aria-hidden="true"
              className="pf-v5-c-switch__label pf-m-on"
              id="ActiveRecordingStopped-on"
            >
              Recording stopped
            </span>
            <span
              aria-hidden="true"
              className="pf-v5-c-switch__label pf-m-off"
              id="ActiveRecordingStopped-off"
            >
              Recording stopped
            </span>
          </label>
        </div>
        <div
          className="pf-v5-l-stack__item"
        >
          <label
            className="pf-v5-c-switch"
            data-ouia-component-id="OUIA-Generated-Switch-6"
            data-ouia-component-type="PF5/Switch"
            data-ouia-safe={true}
            htmlFor="ActiveRecordingSaved"
          >
            <input
              aria-label=""
              aria-labelledby="ActiveRecordingSaved-on"
              checked={true}
              className="pf-v5-c-switch__input"
              disabled={false}
              id="ActiveRecordingSaved"
              onChange={[Function]}
              type="checkbox"
            />
            <span
              className="pf-v5-c-switch__toggle"
            />
            <span
              aria-hidden="true"
              className="pf-v5-c-switch__label pf-m-on"
              id="ActiveRecordingSaved-on"
            >
              Recording saved
            </span>
            <span
              aria-hidden="true"
              className="pf-v5-c-switch__label pf-m-off"
              id="ActiveRecordingSaved-off"
            >
              Recording saved
            </span>
          </label>
        </div>
        <div
          className="pf-v5-l-stack__item"
        >
          <label
            className="pf-v5-c-switch"
            data-ouia-component-id="OUIA-Generated-Switch-7"
            data-ouia-component-type="PF5/Switch"
            data-ouia-safe={true}
            htmlFor="ActiveRecordingDeleted"
          >
            <input
              aria-label=""
              aria-labelledby="ActiveRecordingDeleted-on"
              checked={true}
              className="pf-v5-c-switch__input"
              disabled={false}
              id="ActiveRecordingDeleted"
              onChange={[Function]}
              type="checkbox"
            />
            <span
              className="pf-v5-c-switch__toggle"
            />
            <span
              aria-hidden="true"
              className="pf-v5-c-switch__label pf-m-on"
              id="ActiveRecordingDeleted-on"
            >
              Recording deleted
            </span>
            <span
              aria-hidden="true"
              className="pf-v5-c-switch__label pf-m-off"
              id="ActiveRecordingDeleted-off"
            >
              Recording deleted
            </span>
          </label>
        </div>
        <div
          className="pf-v5-l-stack__item"
        >
          <label
            className="pf-v5-c-switch"
            data-ouia-component-id="OUIA-Generated-Switch-8"
            data-ouia-component-type="PF5/Switch"
            data-ouia-safe={true}
            htmlFor="SnapshotCreated"
          >
            <input
              aria-label=""
              aria-labelledby="SnapshotCreated-on"
              checked={true}
              className="pf-v5-c-switch__input"
              disabled={false}
              id="SnapshotCreated"
              onChange={[Function]}
              type="checkbox"
            />
            <span
              className="pf-v5-c-switch__toggle"
            />
            <span
              aria-hidden="true"
              className="pf-v5-c-switch__label pf-m-on"
              id="SnapshotCreated-on"
            >
              Snapshot created
            </span>
            <span
              aria-hidden="true"
              className="pf-v5-c-switch__label pf-m-off"
              id="SnapshotCreated-off"
            >
              Snapshot created
            </span>
          </label>
        </div>
        <div
          className="pf-v5-l-stack__item"
        >
          <label
            className="pf-v5-c-switch"
            data-ouia-component-id="OUIA-Generated-Switch-9"
            data-ouia-component-type="PF5/Switch"
            data-ouia-safe={true}
            htmlFor="SnapshotDeleted"
          >
            <input
              aria-label=""
              aria-labelledby="SnapshotDeleted-on"
              checked={true}
              className="pf-v5-c-switch__input"
              disabled={false}
              id="SnapshotDeleted"
              onChange={[Function]}
              type="checkbox"
            />
            <span
              className="pf-v5-c-switch__toggle"
            />
            <span
              aria-hidden="true"
              className="pf-v5-c-switch__label pf-m-on"
              id="SnapshotDeleted-on"
            >
              Snapshot deleted
            </span>
            <span
              aria-hidden="true"
              className="pf-v5-c-switch__label pf-m-off"
              id="SnapshotDeleted-off"
            >
              Snapshot deleted
            </span>
          </label>
        </div>
        <div
          className="pf-v5-l-stack__item"
        >
          <label
            className="pf-v5-c-switch"
            data-ouia-component-id="OUIA-Generated-Switch-10"
            data-ouia-component-type="PF5/Switch"
            data-ouia-safe={true}
            htmlFor="ArchivedRecordingCreated"
          >
            <input
              aria-label=""
              aria-labelledby="ArchivedRecordingCreated-on"
              checked={true}
              className="pf-v5-c-switch__input"
              disabled={false}
              id="ArchivedRecordingCreated"
              onChange={[Function]}
              type="checkbox"
            />
            <span
              className="pf-v5-c-switch__toggle"
            />
            <span
              aria-hidden="true"
              className="pf-v5-c-switch__label pf-m-on"
              id="ArchivedRecordingCreated-on"
            >
              Archived Recording uploaded
            </span>
            <span
              aria-hidden="true"
              className="pf-v5-c-switch__label pf-m-off"
              id="ArchivedRecordingCreated-off"
            >
              Archived Recording uploaded
            </span>
          </label>
        </div>
        <div
          className="pf-v5-l-stack__item"
        >
          <label
            className="pf-v5-c-switch"
            data-ouia-component-id="OUIA-Generated-Switch-11"
            data-ouia-component-type="PF5/Switch"
            data-ouia-safe={true}
            htmlFor="ArchivedRecordingDeleted"
          >
            <input
              aria-label=""
              aria-labelledby="ArchivedRecordingDeleted-on"
              checked={true}
              className="pf-v5-c-switch__input"
              disabled={false}
              id="ArchivedRecordingDeleted"
              onChange={[Function]}
              type="checkbox"
            />
            <span
              className="pf-v5-c-switch__toggle"
            />
            <span
              aria-hidden="true"
              className="pf-v5-c-switch__label pf-m-on"
              id="ArchivedRecordingDeleted-on"
            >
              Archived Recording deleted
            </span>
            <span
              aria-hidden="true"
              className="pf-v5-c-switch__label pf-m-off"
              id="ArchivedRecordingDeleted-off"
            >
              Archived Recording deleted
            </span>
          </label>
        </div>
        <div
          className="pf-v5-l-stack__item"
        >
          <label
            className="pf-v5-c-switch"
            data-ouia-component-id="OUIA-Generated-Switch-12"
            data-ouia-component-type="PF5/Switch"
            data-ouia-safe={true}
            htmlFor="TemplateUploaded"
          >
            <input
              aria-label=""
              aria-labelledby="TemplateUploaded-on"
              checked={true}
              className="pf-v5-c-switch__input"
              disabled={false}
              id="TemplateUploaded"
              onChange={[Function]}
              type="checkbox"
            />
            <span
              className="pf-v5-c-switch__toggle"
            />
            <span
              aria-hidden="true"
              className="pf-v5-c-switch__label pf-m-on"
              id="TemplateUploaded-on"
            >
              Template created
            </span>
            <span
              aria-hidden="true"
              className="pf-v5-c-switch__label pf-m-off"
              id="TemplateUploaded-off"
            >
              Template created
            </span>
          </label>
        </div>
        <div
          className="pf-v5-l-stack__item"
        >
          <label
            className="pf-v5-c-switch"
            data-ouia-component-id="OUIA-Generated-Switch-13"
            data-ouia-component-type="PF5/Switch"
            data-ouia-safe={true}
            htmlFor="TemplateDeleted"
          >
            <input
              aria-label=""
              aria-labelledby="TemplateDeleted-on"
              checked={true}
              className="pf-v5-c-switch__input"
              disabled={false}
              id="TemplateDeleted"
              onChange={[Function]}
              type="checkbox"
            />
            <span
              className="pf-v5-c-switch__toggle"
            />
            <span
              aria-hidden="true"
              className="pf-v5-c-switch__label pf-m-on"
              id="TemplateDeleted-on"
            >
              Template deleted
            </span>
            <span
              aria-hidden="true"
              className="pf-v5-c-switch__label pf-m-off"
              id="TemplateDeleted-off"
            >
              Template deleted
            </span>
          </label>
        </div>
        <div
          className="pf-v5-l-stack__item"
        >
          <label
            className="pf-v5-c-switch"
            data-ouia-component-id="OUIA-Generated-Switch-14"
            data-ouia-component-type="PF5/Switch"
            data-ouia-safe={true}
            htmlFor="ProbeTemplateUploaded"
          >
            <input
              aria-label=""
              aria-labelledby="ProbeTemplateUploaded-on"
              checked={true}
              className="pf-v5-c-switch__input"
              disabled={false}
              id="ProbeTemplateUploaded"
              onChange={[Function]}
              type="checkbox"
            />
            <span
              className="pf-v5-c-switch__toggle"
            />
            <span
              aria-hidden="true"
              className="pf-v5-c-switch__label pf-m-on"
              id="ProbeTemplateUploaded-on"
            >
              Probe Template created
            </span>
            <span
              aria-hidden="true"
              className="pf-v5-c-switch__label pf-m-off"
              id="ProbeTemplateUploaded-off"
            >
              Probe Template created
            </span>
          </label>
        </div>
        <div
          className="pf-v5-l-stack__item"
        >
          <label
            className="pf-v5-c-switch"
            data-ouia-component-id="OUIA-Generated-Switch-15"
            data-ouia-component-type="PF5/Switch"
            data-ouia-safe={true}
            htmlFor="ProbeTemplateDeleted"
          >
            <input
              aria-label=""
              aria-labelledby="ProbeTemplateDeleted-on"
              checked={true}
              className="pf-v5-c-switch__input"
              disabled={false}
              id="ProbeTemplateDeleted"
              onChange={[Function]}
              type="checkbox"
            />
            <span
              className="pf-v5-c-switch__toggle"
            />
            <span
              aria-hidden="true"
              className="pf-v5-c-switch__label pf-m-on"
              id="ProbeTemplateDeleted-on"
            >
              Probe Template deleted
            </span>
            <span
              aria-hidden="true"
              className="pf-v5-c-switch__label pf-m-off"
              id="ProbeTemplateDeleted-off"
            >
              Probe Template deleted
            </span>
          </label>
        </div>
        <div
          className="pf-v5-l-stack__item"
        >
          <label
            className="pf-v5-c-switch"
            data-ouia-component-id="OUIA-Generated-Switch-16"
            data-ouia-component-type="PF5/Switch"
            data-ouia-safe={true}
            htmlFor="ProbeTemplateApplied"
          >
            <input
              aria-label=""
              aria-labelledby="ProbeTemplateApplied-on"
              checked={true}
              className="pf-v5-c-switch__input"
              disabled={false}
              id="ProbeTemplateApplied"
              onChange={[Function]}
              type="checkbox"
            />
            <span
              className="pf-v5-c-switch__toggle"
            />
            <span
              aria-hidden="true"
              className="pf-v5-c-switch__label pf-m-on"
              id="ProbeTemplateApplied-on"
            >
              Probe Template applied
            </span>
            <span
              aria-hidden="true"
              className="pf-v5-c-switch__label pf-m-off"
              id="ProbeTemplateApplied-off"
            >
              Probe Template applied
            </span>
          </label>
        </div>
        <div
          className="pf-v5-l-stack__item"
        >
          <label
            className="pf-v5-c-switch"
            data-ouia-component-id="OUIA-Generated-Switch-17"
            data-ouia-component-type="PF5/Switch"
            data-ouia-safe={true}
            htmlFor="ProbesRemoved"
          >
            <input
              aria-label=""
              aria-labelledby="ProbesRemoved-on"
              checked={true}
              className="pf-v5-c-switch__input"
              disabled={false}
              id="ProbesRemoved"
              onChange={[Function]}
              type="checkbox"
            />
            <span
              className="pf-v5-c-switch__toggle"
            />
            <span
              aria-hidden="true"
              className="pf-v5-c-switch__label pf-m-on"
              id="ProbesRemoved-on"
            >
              Probes removed from target
            </span>
            <span
              aria-hidden="true"
              className="pf-v5-c-switch__label pf-m-off"
              id="ProbesRemoved-off"
            >
              Probes removed from target
            </span>
          </label>
        </div>
        <div
          className="pf-v5-l-stack__item"
        >
          <label
            className="pf-v5-c-switch"
            data-ouia-component-id="OUIA-Generated-Switch-18"
            data-ouia-component-type="PF5/Switch"
            data-ouia-safe={true}
            htmlFor="RuleCreated"
          >
            <input
              aria-label=""
              aria-labelledby="RuleCreated-on"
              checked={true}
              className="pf-v5-c-switch__input"
              disabled={false}
              id="RuleCreated"
              onChange={[Function]}
              type="checkbox"
            />
            <span
              className="pf-v5-c-switch__toggle"
            />
            <span
              aria-hidden="true"
              className="pf-v5-c-switch__label pf-m-on"
              id="RuleCreated-on"
            >
              Automated Rule created
            </span>
            <span
              aria-hidden="true"
              className="pf-v5-c-switch__label pf-m-off"
              id="RuleCreated-off"
            >
              Automated Rule created
            </span>
          </label>
        </div>
        <div
          className="pf-v5-l-stack__item"
        >
          <label
            className="pf-v5-c-switch"
            data-ouia-component-id="OUIA-Generated-Switch-19"
            data-ouia-component-type="PF5/Switch"
            data-ouia-safe={true}
            htmlFor="RuleUpdated"
          >
            <input
              aria-label=""
              aria-labelledby="RuleUpdated-on"
              checked={true}
              className="pf-v5-c-switch__input"
              disabled={false}
              id="RuleUpdated"
              onChange={[Function]}
              type="checkbox"
            />
            <span
              className="pf-v5-c-switch__toggle"
            />
            <span
              aria-hidden="true"
              className="pf-v5-c-switch__label pf-m-on"
              id="RuleUpdated-on"
            >
              Automated Rule updated
            </span>
            <span
              aria-hidden="true"
              className="pf-v5-c-switch__label pf-m-off"
              id="RuleUpdated-off"
            >
              Automated Rule updated
            </span>
          </label>
        </div>
        <div
          className="pf-v5-l-stack__item"
        >
          <label
            className="pf-v5-c-switch"
            data-ouia-component-id="OUIA-Generated-Switch-20"
            data-ouia-component-type="PF5/Switch"
            data-ouia-safe={true}
            htmlFor="RuleDeleted"
          >
            <input
              aria-label=""
              aria-labelledby="RuleDeleted-on"
              checked={true}
              className="pf-v5-c-switch__input"
              disabled={false}
              id="RuleDeleted"
              onChange={[Function]}
              type="checkbox"
            />
            <span
              className="pf-v5-c-switch__toggle"
            />
            <span
              aria-hidden="true"
              className="pf-v5-c-switch__label pf-m-on"
              id="RuleDeleted-on"
            >
              Automated Rule deleted
            </span>
            <span
              aria-hidden="true"
              className="pf-v5-c-switch__label pf-m-off"
              id="RuleDeleted-off"
            >
              Automated Rule deleted
            </span>
          </label>
        </div>
        <div
          className="pf-v5-l-stack__item"
        >
          <label
            className="pf-v5-c-switch"
            data-ouia-component-id="OUIA-Generated-Switch-21"
            data-ouia-component-type="PF5/Switch"
            data-ouia-safe={true}
            htmlFor="RecordingMetadataUpdated"
          >
            <input
              aria-label=""
              aria-labelledby="RecordingMetadataUpdated-on"
              checked={true}
              className="pf-v5-c-switch__input"
              disabled={false}
              id="RecordingMetadataUpdated"
              onChange={[Function]}
              type="checkbox"
            />
            <span
              className="pf-v5-c-switch__toggle"
            />
            <span
              aria-hidden="true"
              className="pf-v5-c-switch__label pf-m-on"
              id="RecordingMetadataUpdated-on"
            >
              Recording metadata updated
            </span>
            <span
              aria-hidden="true"
              className="pf-v5-c-switch__label pf-m-off"
              id="RecordingMetadataUpdated-off"
            >
              Recording metadata updated
            </span>
          </label>
        </div>
        <div
          className="pf-v5-l-stack__item"
        >
          <label
            className="pf-v5-c-switch"
            data-ouia-component-id="OUIA-Generated-Switch-22"
            data-ouia-component-type="PF5/Switch"
            data-ouia-safe={true}
            htmlFor="GrafanaConfiguration"
          >
            <input
              aria-label=""
              aria-labelledby="GrafanaConfiguration-on"
              checked={true}
              className="pf-v5-c-switch__input"
              disabled={false}
              id="GrafanaConfiguration"
              onChange={[Function]}
              type="checkbox"
            />
            <span
              className="pf-v5-c-switch__toggle"
            />
            <span
              aria-hidden="true"
              className="pf-v5-c-switch__label pf-m-on"
              id="GrafanaConfiguration-on"
            >
              Grafana configuration
            </span>
            <span
              aria-hidden="true"
              className="pf-v5-c-switch__label pf-m-off"
              id="GrafanaConfiguration-off"
            >
              Grafana configuration
            </span>
          </label>
        </div>
        <div
          className="pf-v5-l-stack__item"
        >
          <label
            className="pf-v5-c-switch"
            data-ouia-component-id="OUIA-Generated-Switch-23"
            data-ouia-component-type="PF5/Switch"
            data-ouia-safe={true}
            htmlFor="LayoutTemplateCreated"
          >
            <input
              aria-label=""
              aria-labelledby="LayoutTemplateCreated-on"
              checked={true}
              className="pf-v5-c-switch__input"
              disabled={false}
              id="LayoutTemplateCreated"
              onChange={[Function]}
              type="checkbox"
            />
            <span
              className="pf-v5-c-switch__toggle"
            />
            <span
              aria-hidden="true"
              className="pf-v5-c-switch__label pf-m-on"
              id="LayoutTemplateCreated-on"
            >
              Layout Template created
            </span>
            <span
              aria-hidden="true"
              className="pf-v5-c-switch__label pf-m-off"
              id="LayoutTemplateCreated-off"
            >
              Layout Template created
            </span>
          </label>
        </div>
        <div
          className="pf-v5-l-stack__item"
        >
          <label
            className="pf-v5-c-switch"
            data-ouia-component-id="OUIA-Generated-Switch-24"
            data-ouia-component-type="PF5/Switch"
            data-ouia-safe={true}
            htmlFor="TargetCredentialsStored"
          >
            <input
              aria-label=""
              aria-labelledby="TargetCredentialsStored-on"
              checked={true}
              className="pf-v5-c-switch__input"
              disabled={false}
              id="TargetCredentialsStored"
              onChange={[Function]}
              type="checkbox"
            />
            <span
              className="pf-v5-c-switch__toggle"
            />
            <span
              aria-hidden="true"
              className="pf-v5-c-switch__label pf-m-on"
              id="TargetCredentialsStored-on"
            >
              Target Credentials stored
            </span>
            <span
              aria-hidden="true"
              className="pf-v5-c-switch__label pf-m-off"
              id="TargetCredentialsStored-off"
            >
              Target Credentials stored
            </span>
          </label>
        </div>
        <div
          className="pf-v5-l-stack__item"
        >
          <label
            className="pf-v5-c-switch"
            data-ouia-component-id="OUIA-Generated-Switch-25"
            data-ouia-component-type="PF5/Switch"
            data-ouia-safe={true}
            htmlFor="TargetCredentialsDeleted"
          >
            <input
              aria-label=""
              aria-labelledby="TargetCredentialsDeleted-on"
              checked={true}
              className="pf-v5-c-switch__input"
              disabled={false}
              id="TargetCredentialsDeleted"
              onChange={[Function]}
              type="checkbox"
            />
            <span
              className="pf-v5-c-switch__toggle"
            />
            <span
              aria-hidden="true"
              className="pf-v5-c-switch__label pf-m-on"
              id="TargetCredentialsDeleted-on"
            >
              Target Credentials deleted
            </span>
            <span
              aria-hidden="true"
              className="pf-v5-c-switch__label pf-m-off"
              id="TargetCredentialsDeleted-off"
            >
              Target Credentials deleted
            </span>
          </label>
        </div>
        <div
          className="pf-v5-l-stack__item"
        >
          <label
            className="pf-v5-c-switch"
            data-ouia-component-id="OUIA-Generated-Switch-26"
            data-ouia-component-type="PF5/Switch"
            data-ouia-safe={true}
            htmlFor="CredentialsStored"
          >
            <input
              aria-label=""
              aria-labelledby="CredentialsStored-on"
              checked={true}
              className="pf-v5-c-switch__input"
              disabled={false}
              id="CredentialsStored"
              onChange={[Function]}
              type="checkbox"
            />
            <span
              className="pf-v5-c-switch__toggle"
            />
            <span
              aria-hidden="true"
              className="pf-v5-c-switch__label pf-m-on"
              id="CredentialsStored-on"
            >
              Credentials stored
            </span>
            <span
              aria-hidden="true"
              className="pf-v5-c-switch__label pf-m-off"
              id="CredentialsStored-off"
            >
              Credentials stored
            </span>
          </label>
        </div>
        <div
          className="pf-v5-l-stack__item"
        >
          <label
            className="pf-v5-c-switch"
            data-ouia-component-id="OUIA-Generated-Switch-27"
            data-ouia-component-type="PF5/Switch"
            data-ouia-safe={true}
            htmlFor="CredentialsDeleted"
          >
            <input
              aria-label=""
              aria-labelledby="CredentialsDeleted-on"
              checked={true}
              className="pf-v5-c-switch__input"
              disabled={false}
              id="CredentialsDeleted"
              onChange={[Function]}
              type="checkbox"
            />
            <span
              className="pf-v5-c-switch__toggle"
            />
            <span
              aria-hidden="true"
              className="pf-v5-c-switch__label pf-m-on"
              id="CredentialsDeleted-on"
            >
              Credentials deleted
            </span>
            <span
              aria-hidden="true"
              className="pf-v5-c-switch__label pf-m-off"
              id="CredentialsDeleted-off"
            >
              Credentials deleted
            </span>
          </label>
        </div>
      </div>
    </div>
  </div>
</div>
`;
