// Jest Snapshot v1, https://goo.gl/fbAQLP

exports[`<Settings/> renders correctly 1`] = `
<div
  className="pf-v5-c-page__main-group"
>
  <section
    className="pf-v5-c-page__main-section"
  >
    <nav
      aria-label="Breadcrumb"
      className="pf-v5-c-breadcrumb"
      data-ouia-component-id="OUIA-Generated-Breadcrumb-1"
      data-ouia-component-type="PF5/Breadcrumb"
      data-ouia-safe={true}
    >
      <ol
        className="pf-v5-c-breadcrumb__list"
        role="list"
      >
        <li
          className="pf-v5-c-breadcrumb__item"
        >
          <h1
            className="pf-v5-c-breadcrumb__heading"
          >
            Settings
          </h1>
        </li>
      </ol>
    </nav>
    <div
      className="pf-v5-l-stack pf-m-gutter"
    >
      <div
        className="pf-v5-l-stack__item pf-m-fill"
      >
        <div
          className="pf-v5-c-card pf-m-full-height"
          data-ouia-component-id="OUIA-Generated-Card-1"
          data-ouia-component-type="PF5/Card"
          data-ouia-safe={true}
          id=""
        >
          <div
            className="pf-v5-c-sidebar"
            tabIndex={0}
          >
            <div
              className="pf-v5-c-sidebar__main"
            >
              <div
                className="pf-v5-c-sidebar__panel"
              >
                <div
                  aria-label="Select setting category"
                  className="pf-v5-c-tabs pf-m-vertical"
                  data-ouia-component-id="OUIA-Generated-Tabs-1"
                  data-ouia-component-type="PF5/Tabs"
                  data-ouia-safe={true}
                  onSelect={[Function]}
                >
                  <ul
                    className="pf-v5-c-tabs__list"
                    onScroll={[Function]}
                    role="tablist"
                  >
                    <li
                      className="pf-v5-c-tabs__item pf-m-current"
                      role="presentation"
                    >
                      <button
                        aria-controls="pf-tab-section-SETTINGS.CATEGORIES.GENERAL--445403487"
                        aria-selected={true}
                        className="pf-v5-c-tabs__link"
                        data-ouia-component-type="PF5/TabButton"
                        data-ouia-safe={true}
                        data-quickstart-id="settings-general-tab"
                        id="pf-tab-SETTINGS.CATEGORIES.GENERAL--445403487"
                        onClick={[Function]}
                        role="tab"
                        type="button"
                      >
                        <span
                          className="pf-v5-c-tabs__item-text"
                        >
                          General
                        </span>
                      </button>
                    </li>
                    <li
                      className="pf-v5-c-tabs__item"
                      role="presentation"
                    >
                      <button
                        aria-controls="pf-tab-section-SETTINGS.CATEGORIES.CONNECTIVITY--1507428482"
                        aria-selected={false}
                        className="pf-v5-c-tabs__link"
                        data-ouia-component-type="PF5/TabButton"
                        data-ouia-safe={true}
                        data-quickstart-id="settings-connectivity-tab"
                        id="pf-tab-SETTINGS.CATEGORIES.CONNECTIVITY--1507428482"
                        onClick={[Function]}
                        role="tab"
                        type="button"
                      >
                        <span
                          className="pf-v5-c-tabs__item-text"
                        >
                          Connectivity
                        </span>
                      </button>
                    </li>
                    <li
                      className="pf-v5-c-tabs__item"
                      role="presentation"
                    >
                      <button
                        aria-controls="pf-tab-section-SETTINGS.CATEGORIES.NOTIFICATION_MESSAGE-719517530"
                        aria-selected={false}
                        className="pf-v5-c-tabs__link"
                        data-ouia-component-type="PF5/TabButton"
                        data-ouia-safe={true}
                        data-quickstart-id="settings-notifications&messages-tab"
                        id="pf-tab-SETTINGS.CATEGORIES.NOTIFICATION_MESSAGE-719517530"
                        onClick={[Function]}
                        role="tab"
                        type="button"
                      >
                        <span
                          className="pf-v5-c-tabs__item-text"
                        >
                          Notifications & messages
                        </span>
                      </button>
                    </li>
                    <li
                      className="pf-v5-c-tabs__item"
                      role="presentation"
                    >
                      <button
                        aria-controls="pf-tab-section-SETTINGS.CATEGORIES.DASHBOARD-129171981"
                        aria-selected={false}
                        className="pf-v5-c-tabs__link"
                        data-ouia-component-type="PF5/TabButton"
                        data-ouia-safe={true}
                        data-quickstart-id="settings-dashboard-tab"
                        id="pf-tab-SETTINGS.CATEGORIES.DASHBOARD-129171981"
                        onClick={[Function]}
                        role="tab"
                        type="button"
                      >
                        <span
                          className="pf-v5-c-tabs__item-text"
                        >
                          Dashboard
                        </span>
                      </button>
                    </li>
                    <li
                      className="pf-v5-c-tabs__item"
                      role="presentation"
                    >
                      <button
                        aria-controls="pf-tab-section-SETTINGS.CATEGORIES.ADVANCED-843151721"
                        aria-selected={false}
                        className="pf-v5-c-tabs__link"
                        data-ouia-component-type="PF5/TabButton"
                        data-ouia-safe={true}
                        data-quickstart-id="settings-advanced-tab"
                        id="pf-tab-SETTINGS.CATEGORIES.ADVANCED-843151721"
                        onClick={[Function]}
                        role="tab"
                        type="button"
                      >
                        <span
                          className="pf-v5-c-tabs__item-text"
                        >
                          Advanced
                        </span>
                      </button>
                    </li>
                  </ul>
                </div>
              </div>
              <div
                className="pf-v5-c-sidebar__content"
              >
                <form
                  className="pf-v5-c-form settings__content"
                  noValidate={true}
                >
                  <div
                    className="pf-v5-c-form__group"
                  >
                    <div
                      className="pf-v5-c-form__group-label"
                    >
                      <label
                        className="pf-v5-c-form__label"
                      >
                        <span
                          className="pf-v5-c-form__label-text"
                        >
                          <h2
                            className="pf-v5-c-title pf-m-lg"
                            data-ouia-component-id="OUIA-Generated-Title-1"
                            data-ouia-component-type="PF5/Title"
                            data-ouia-safe={true}
                          >
                            Date & Time
                          </h2>
                        </span>
                      </label>
                       
                    </div>
                    <div
                      className="pf-v5-c-form__group-control"
                    >
                      <div
                        className="pf-v5-c-form__helper-text"
                      >
                        <div
                          className="pf-v5-c-helper-text"
                        >
                          <div
                            className="pf-v5-c-helper-text__item"
                          >
                            <span
                              className="pf-v5-c-helper-text__item-text"
                            >
                              
                            </span>
                          </div>
                        </div>
                      </div>
                      <p
                        className=""
                        data-ouia-component-id="OUIA-Generated-Text-1"
                        data-ouia-component-type="PF5/Text"
                        data-ouia-safe={true}
                        data-pf-content={true}
                      >
                        DatetimeControl Component
                      </p>
                    </div>
                  </div>
                  <div
                    className="pf-v5-c-form__group"
                  >
                    <div
                      className="pf-v5-c-form__group-label"
                    >
                      <label
                        className="pf-v5-c-form__label"
                      >
                        <span
                          className="pf-v5-c-form__label-text"
                        >
                          <h2
                            className="pf-v5-c-title pf-m-lg"
                            data-ouia-component-id="OUIA-Generated-Title-2"
                            data-ouia-component-type="PF5/Title"
                            data-ouia-safe={true}
                          >
                            Theme
                          </h2>
                        </span>
                      </label>
                       
                    </div>
                    <div
                      className="pf-v5-c-form__group-control"
                    >
                      <div
                        className="pf-v5-c-form__helper-text"
                      >
                        <div
                          className="pf-v5-c-helper-text"
                        >
                          <div
                            className="pf-v5-c-helper-text__item"
                          >
                            <span
                              className="pf-v5-c-helper-text__item-text"
                            >
                              Set the current theme for web console.
                            </span>
                          </div>
                        </div>
                      </div>
                      <p
                        className=""
                        data-ouia-component-id="OUIA-Generated-Text-2"
                        data-ouia-component-type="PF5/Text"
                        data-ouia-safe={true}
                        data-pf-content={true}
                      >
                        Theme Component
                      </p>
                    </div>
                  </div>
                </form>
              </div>
            </div>
          </div>
        </div>
      </div>
      <div
        className="pf-v5-l-stack__item"
      />
    </div>
  </section>
</div>
`;
