// Jest Snapshot v1, https://goo.gl/fbAQLP

exports[`<TopologyConfig /> renders correctly 1`] = `
<div
  className="pf-v5-l-stack pf-m-gutter"
>
  <div
    className="pf-v5-l-stack__item"
  >
    <div
      className="pf-v5-c-helper-text"
    >
      <div
        className="pf-v5-c-helper-text__item"
      >
        <span
          className="pf-v5-c-helper-text__item-text"
        >
          The selected automated analysis report rule IDs will be ignored by the Topology view when determining the health status score of a target node and the number of rules that were evaluated to arrive at that score. Analysis results of active Targets or of archived Recordings will obey server analysis settings and ignore these selections.
        </span>
      </div>
    </div>
  </div>
  <div
    className="pf-v5-l-stack__item pf-m-fill"
  >
    <div
      className="pf-v5-c-dual-list-selector"
      id="pf-random-id-0"
    >
      <div
        className="pf-v5-c-dual-list-selector__pane pf-m-available"
      >
        <div
          className="pf-v5-c-dual-list-selector__header"
        >
          <div
            className="pf-v5-c-dual-list-selector__title"
          >
            <div
              className="pf-v5-c-dual-list-selector__title-text"
            >
              Analyzed rules
            </div>
          </div>
        </div>
        <div
          className="pf-v5-c-dual-list-selector__tools"
        >
          <div
            className="pf-v5-c-dual-list-selector__tools-filter"
          >
            <div
              className="pf-v5-c-text-input-group"
            >
              <div
                className="pf-v5-c-text-input-group__main pf-m-icon"
                onKeyDown={[Function]}
              >
                <span
                  className="pf-v5-c-text-input-group__text"
                >
                  <span
                    className="pf-v5-c-text-input-group__icon"
                  >
                    <svg
                      aria-hidden={true}
                      aria-labelledby={null}
                      className="pf-v5-svg"
                      fill="currentColor"
                      height="1em"
                      role="img"
                      viewBox="0 0 512 512"
                      width="1em"
                    >
                      <path
                        d="M505 442.7L405.3 343c-4.5-4.5-10.6-7-17-7H372c27.6-35.3 44-79.7 44-128C416 93.1 322.9 0 208 0S0 93.1 0 208s93.1 208 208 208c48.3 0 92.7-16.4 128-44v16.3c0 6.4 2.5 12.5 7 17l99.7 99.7c9.4 9.4 24.6 9.4 33.9 0l28.3-28.3c9.4-9.4 9.4-24.6.1-34zM208 336c-70.7 0-128-57.2-128-128 0-70.7 57.2-128 128-128 70.7 0 128 57.2 128 128 0 70.7-57.2 128-128 128z"
                      />
                    </svg>
                  </span>
                  <input
                    aria-label="Available search input"
                    className="pf-v5-c-text-input-group__text-input"
                    disabled={false}
                    onChange={[Function]}
                    type="text"
                    value=""
                  />
                </span>
              </div>
            </div>
          </div>
        </div>
        <div
          className="pf-v5-c-dual-list-selector__status"
        >
          <div
            className="pf-v5-c-dual-list-selector__status-text"
            id="pf-random-id-0-available-pane-status"
          >
            0 of 3 items selected
          </div>
        </div>
        <div
          className="pf-v5-c-dual-list-selector__menu"
          tabIndex={0}
        >
          <ul
            aria-activedescendant=""
            aria-labelledby="pf-random-id-0-available-pane-status"
            aria-multiselectable={true}
            className="pf-v5-c-dual-list-selector__list"
            role="tree"
          >
            <li
              aria-expanded="true"
              aria-selected={false}
              className="pf-v5-c-dual-list-selector__list-item pf-m-expandable pf-m-expanded"
              id="biased_locking"
              role="treeitem"
            >
              <div
                className="pf-v5-c-dual-list-selector__list-item-row pf-m-check"
              >
                <div
                  className="pf-v5-c-dual-list-selector__item"
                  onClick={[Function]}
                  tabIndex={-1}
                >
                  <span
                    className="pf-v5-c-dual-list-selector__item-main"
                  >
                    <div
                      className="pf-v5-c-dual-list-selector__item-toggle"
                      onClick={[Function]}
                      onKeyDown={[Function]}
                      tabIndex={-1}
                    >
                      <span
                        className="pf-v5-c-dual-list-selector__item-toggle-icon"
                      >
                        <svg
                          aria-hidden={true}
                          aria-labelledby={null}
                          className="pf-v5-svg"
                          fill="currentColor"
                          height="1em"
                          role="img"
                          viewBox="0 0 256 512"
                          width="1em"
                        >
                          <path
                            d="M224.3 273l-136 136c-9.4 9.4-24.6 9.4-33.9 0l-22.6-22.6c-9.4-9.4-9.4-24.6 0-33.9l96.4-96.4-96.4-96.4c-9.4-9.4-9.4-24.6 0-33.9L54.3 103c9.4-9.4 24.6-9.4 33.9 0l136 136c9.5 9.4 9.5 24.6.1 34z"
                          />
                        </svg>
                      </span>
                    </div>
                    <span
                      className="pf-v5-c-dual-list-selector__item-check"
                    >
                      <input
                        checked={false}
                        onChange={[Function]}
                        onClick={[Function]}
                        onKeyDown={[Function]}
                        tabIndex={-1}
                        type="checkbox"
                      />
                    </span>
                    <span
                      className="pf-v5-c-dual-list-selector__item-text"
                    >
                      biased_locking
                    </span>
                    <span
                      className="pf-v5-c-dual-list-selector__item-count"
                    >
                      <span
                        className="pf-v5-c-badge pf-m-unread"
                      >
                        1
                      </span>
                    </span>
                  </span>
                </div>
              </div>
              <ul
                className="pf-v5-c-dual-list-selector__list"
                role="group"
              >
                <li
                  aria-selected={false}
                  className="pf-v5-c-dual-list-selector__list-item"
                  id="biasedLockingRevocation"
                  role="treeitem"
                >
                  <div
                    className="pf-v5-c-dual-list-selector__list-item-row pf-m-check"
                  >
                    <div
                      className="pf-v5-c-dual-list-selector__item"
                      onClick={[Function]}
                      tabIndex={-1}
                    >
                      <span
                        className="pf-v5-c-dual-list-selector__item-main"
                      >
                        <span
                          className="pf-v5-c-dual-list-selector__item-check"
                        >
                          <input
                            checked={false}
                            onChange={[Function]}
                            onClick={[Function]}
                            onKeyDown={[Function]}
                            tabIndex={-1}
                            type="checkbox"
                          />
                        </span>
                        <span
                          className="pf-v5-c-dual-list-selector__item-text"
                        >
                          Biased Locking Revocation
                        </span>
                      </span>
                    </div>
                  </div>
                </li>
              </ul>
            </li>
            <li
              aria-expanded="true"
              aria-selected={false}
              className="pf-v5-c-dual-list-selector__list-item pf-m-expandable pf-m-expanded"
              id="vm_operations"
              role="treeitem"
            >
              <div
                className="pf-v5-c-dual-list-selector__list-item-row pf-m-check"
              >
                <div
                  className="pf-v5-c-dual-list-selector__item"
                  onClick={[Function]}
                  tabIndex={-1}
                >
                  <span
                    className="pf-v5-c-dual-list-selector__item-main"
                  >
                    <div
                      className="pf-v5-c-dual-list-selector__item-toggle"
                      onClick={[Function]}
                      onKeyDown={[Function]}
                      tabIndex={-1}
                    >
                      <span
                        className="pf-v5-c-dual-list-selector__item-toggle-icon"
                      >
                        <svg
                          aria-hidden={true}
                          aria-labelledby={null}
                          className="pf-v5-svg"
                          fill="currentColor"
                          height="1em"
                          role="img"
                          viewBox="0 0 256 512"
                          width="1em"
                        >
                          <path
                            d="M224.3 273l-136 136c-9.4 9.4-24.6 9.4-33.9 0l-22.6-22.6c-9.4-9.4-9.4-24.6 0-33.9l96.4-96.4-96.4-96.4c-9.4-9.4-9.4-24.6 0-33.9L54.3 103c9.4-9.4 24.6-9.4 33.9 0l136 136c9.5 9.4 9.5 24.6.1 34z"
                          />
                        </svg>
                      </span>
                    </div>
                    <span
                      className="pf-v5-c-dual-list-selector__item-check"
                    >
                      <input
                        checked={false}
                        onChange={[Function]}
                        onClick={[Function]}
                        onKeyDown={[Function]}
                        tabIndex={-1}
                        type="checkbox"
                      />
                    </span>
                    <span
                      className="pf-v5-c-dual-list-selector__item-text"
                    >
                      vm_operations
                    </span>
                    <span
                      className="pf-v5-c-dual-list-selector__item-count"
                    >
                      <span
                        className="pf-v5-c-badge pf-m-unread"
                      >
                        2
                      </span>
                    </span>
                  </span>
                </div>
              </div>
              <ul
                className="pf-v5-c-dual-list-selector__list"
                role="group"
              >
                <li
                  aria-selected={false}
                  className="pf-v5-c-dual-list-selector__list-item"
                  id="biasedLockingRevocationPause"
                  role="treeitem"
                >
                  <div
                    className="pf-v5-c-dual-list-selector__list-item-row pf-m-check"
                  >
                    <div
                      className="pf-v5-c-dual-list-selector__item"
                      onClick={[Function]}
                      tabIndex={-1}
                    >
                      <span
                        className="pf-v5-c-dual-list-selector__item-main"
                      >
                        <span
                          className="pf-v5-c-dual-list-selector__item-check"
                        >
                          <input
                            checked={false}
                            onChange={[Function]}
                            onClick={[Function]}
                            onKeyDown={[Function]}
                            tabIndex={-1}
                            type="checkbox"
                          />
                        </span>
                        <span
                          className="pf-v5-c-dual-list-selector__item-text"
                        >
                          Biased Locking Revocation Pauses
                        </span>
                      </span>
                    </div>
                  </div>
                </li>
                <li
                  aria-selected={false}
                  className="pf-v5-c-dual-list-selector__list-item"
                  id="VMOperations"
                  role="treeitem"
                >
                  <div
                    className="pf-v5-c-dual-list-selector__list-item-row pf-m-check"
                  >
                    <div
                      className="pf-v5-c-dual-list-selector__item"
                      onClick={[Function]}
                      tabIndex={-1}
                    >
                      <span
                        className="pf-v5-c-dual-list-selector__item-main"
                      >
                        <span
                          className="pf-v5-c-dual-list-selector__item-check"
                        >
                          <input
                            checked={false}
                            onChange={[Function]}
                            onClick={[Function]}
                            onKeyDown={[Function]}
                            tabIndex={-1}
                            type="checkbox"
                          />
                        </span>
                        <span
                          className="pf-v5-c-dual-list-selector__item-text"
                        >
                          VMOperation Peak Duration
                        </span>
                      </span>
                    </div>
                  </div>
                </li>
              </ul>
            </li>
          </ul>
        </div>
      </div>
      <div
        aria-label="Selector controls"
        className="pf-v5-c-dual-list-selector__controls"
        role="group"
        tabIndex={0}
      >
        <div
          className="pf-v5-c-dual-list-selector__controls-item"
        >
          <button
            aria-disabled={true}
            aria-label="Add selected"
            className="pf-v5-c-button pf-m-plain pf-m-disabled"
            data-ouia-component-id="OUIA-Generated-Button-plain-1"
            data-ouia-component-type="PF5/Button"
            data-ouia-safe={true}
            disabled={true}
            onClick={[Function]}
            role={null}
            tabIndex={-1}
            type="button"
          >
            <svg
              aria-hidden={true}
              aria-labelledby={null}
              className="pf-v5-svg"
              fill="currentColor"
              height="1em"
              role="img"
              viewBox="0 0 256 512"
              width="1em"
            >
              <path
                d="M224.3 273l-136 136c-9.4 9.4-24.6 9.4-33.9 0l-22.6-22.6c-9.4-9.4-9.4-24.6 0-33.9l96.4-96.4-96.4-96.4c-9.4-9.4-9.4-24.6 0-33.9L54.3 103c9.4-9.4 24.6-9.4 33.9 0l136 136c9.5 9.4 9.5 24.6.1 34z"
              />
            </svg>
          </button>
        </div>
        <div
          className="pf-v5-c-dual-list-selector__controls-item"
        >
          <button
            aria-disabled={false}
            aria-label="Add all"
            className="pf-v5-c-button pf-m-plain"
            data-ouia-component-id="OUIA-Generated-Button-plain-2"
            data-ouia-component-type="PF5/Button"
            data-ouia-safe={true}
            disabled={false}
            onClick={[Function]}
            role={null}
            tabIndex={-1}
            type="button"
          >
            <svg
              aria-hidden={true}
              aria-labelledby={null}
              className="pf-v5-svg"
              fill="currentColor"
              height="1em"
              role="img"
              viewBox="0 0 448 512"
              width="1em"
            >
              <path
                d="M224.3 273l-136 136c-9.4 9.4-24.6 9.4-33.9 0l-22.6-22.6c-9.4-9.4-9.4-24.6 0-33.9l96.4-96.4-96.4-96.4c-9.4-9.4-9.4-24.6 0-33.9L54.3 103c9.4-9.4 24.6-9.4 33.9 0l136 136c9.5 9.4 9.5 24.6.1 34zm192-34l-136-136c-9.4-9.4-24.6-9.4-33.9 0l-22.6 22.6c-9.4 9.4-9.4 24.6 0 33.9l96.4 96.4-96.4 96.4c-9.4 9.4-9.4 24.6 0 33.9l22.6 22.6c9.4 9.4 24.6 9.4 33.9 0l136-136c9.4-9.2 9.4-24.4 0-33.8z"
              />
            </svg>
          </button>
        </div>
        <div
          className="pf-v5-c-dual-list-selector__controls-item"
        >
          <button
            aria-disabled={true}
            aria-label="Remove all"
            className="pf-v5-c-button pf-m-plain pf-m-disabled"
            data-ouia-component-id="OUIA-Generated-Button-plain-3"
            data-ouia-component-type="PF5/Button"
            data-ouia-safe={true}
            disabled={true}
            onClick={[Function]}
            role={null}
            tabIndex={-1}
            type="button"
          >
            <svg
              aria-hidden={true}
              aria-labelledby={null}
              className="pf-v5-svg"
              fill="currentColor"
              height="1em"
              role="img"
              viewBox="0 0 448 512"
              width="1em"
            >
              <path
                d="M223.7 239l136-136c9.4-9.4 24.6-9.4 33.9 0l22.6 22.6c9.4 9.4 9.4 24.6 0 33.9L319.9 256l96.4 96.4c9.4 9.4 9.4 24.6 0 33.9L393.7 409c-9.4 9.4-24.6 9.4-33.9 0l-136-136c-9.5-9.4-9.5-24.6-.1-34zm-192 34l136 136c9.4 9.4 24.6 9.4 33.9 0l22.6-22.6c9.4-9.4 9.4-24.6 0-33.9L127.9 256l96.4-96.4c9.4-9.4 9.4-24.6 0-33.9L201.7 103c-9.4-9.4-24.6-9.4-33.9 0l-136 136c-9.5 9.4-9.5 24.6-.1 34z"
              />
            </svg>
          </button>
        </div>
        <div
          className="pf-v5-c-dual-list-selector__controls-item"
        >
          <button
            aria-disabled={true}
            aria-label="Remove selected"
            className="pf-v5-c-button pf-m-plain pf-m-disabled"
            data-ouia-component-id="OUIA-Generated-Button-plain-4"
            data-ouia-component-type="PF5/Button"
            data-ouia-safe={true}
            disabled={true}
            onClick={[Function]}
            role={null}
            tabIndex={-1}
            type="button"
          >
            <svg
              aria-hidden={true}
              aria-labelledby={null}
              className="pf-v5-svg"
              fill="currentColor"
              height="1em"
              role="img"
              viewBox="0 0 256 512"
              width="1em"
            >
              <path
                d="M31.7 239l136-136c9.4-9.4 24.6-9.4 33.9 0l22.6 22.6c9.4 9.4 9.4 24.6 0 33.9L127.9 256l96.4 96.4c9.4 9.4 9.4 24.6 0 33.9L201.7 409c-9.4 9.4-24.6 9.4-33.9 0l-136-136c-9.5-9.4-9.5-24.6-.1-34z"
              />
            </svg>
          </button>
        </div>
      </div>
      <div
        className="pf-v5-c-dual-list-selector__pane pf-m-chosen"
      >
        <div
          className="pf-v5-c-dual-list-selector__header"
        >
          <div
            className="pf-v5-c-dual-list-selector__title"
          >
            <div
              className="pf-v5-c-dual-list-selector__title-text"
            >
              Ignored rules
            </div>
          </div>
        </div>
        <div
          className="pf-v5-c-dual-list-selector__tools"
        >
          <div
            className="pf-v5-c-dual-list-selector__tools-filter"
          >
            <div
              className="pf-v5-c-text-input-group"
            >
              <div
                className="pf-v5-c-text-input-group__main pf-m-icon"
                onKeyDown={[Function]}
              >
                <span
                  className="pf-v5-c-text-input-group__text"
                >
                  <span
                    className="pf-v5-c-text-input-group__icon"
                  >
                    <svg
                      aria-hidden={true}
                      aria-labelledby={null}
                      className="pf-v5-svg"
                      fill="currentColor"
                      height="1em"
                      role="img"
                      viewBox="0 0 512 512"
                      width="1em"
                    >
                      <path
                        d="M505 442.7L405.3 343c-4.5-4.5-10.6-7-17-7H372c27.6-35.3 44-79.7 44-128C416 93.1 322.9 0 208 0S0 93.1 0 208s93.1 208 208 208c48.3 0 92.7-16.4 128-44v16.3c0 6.4 2.5 12.5 7 17l99.7 99.7c9.4 9.4 24.6 9.4 33.9 0l28.3-28.3c9.4-9.4 9.4-24.6.1-34zM208 336c-70.7 0-128-57.2-128-128 0-70.7 57.2-128 128-128 70.7 0 128 57.2 128 128 0 70.7-57.2 128-128 128z"
                      />
                    </svg>
                  </span>
                  <input
                    aria-label="Chosen search input"
                    className="pf-v5-c-text-input-group__text-input"
                    disabled={false}
                    onChange={[Function]}
                    type="text"
                    value=""
                  />
                </span>
              </div>
            </div>
          </div>
        </div>
        <div
          className="pf-v5-c-dual-list-selector__status"
        >
          <div
            className="pf-v5-c-dual-list-selector__status-text"
            id="pf-random-id-0-chosen-pane-status"
          >
            0 of 0 items selected
          </div>
        </div>
        <div
          className="pf-v5-c-dual-list-selector__menu"
          tabIndex={0}
        >
          <ul
            className="pf-v5-c-dual-list-selector__list"
          />
        </div>
      </div>
    </div>
  </div>
  <div
    className="pf-v5-l-stack__item"
  >
    <button
      aria-disabled={false}
      aria-label={null}
      className="pf-v5-c-button pf-m-primary"
      data-ouia-component-id="OUIA-Generated-Button-primary-1"
      data-ouia-component-type="PF5/Button"
      data-ouia-safe={true}
      disabled={false}
      onClick={[Function]}
      role={null}
      type="button"
    >
      Restore Defaults
    </button>
  </div>
</div>
`;
