// Jest Snapshot v1, https://goo.gl/fbAQLP

exports[`<TargetSelect /> renders correctly 1`] = `
<article
  className="pf-c-card"
  data-ouia-component-id="OUIA-Generated-Card-1"
  data-ouia-component-type="PF4/Card"
  data-ouia-safe={true}
  id=""
>
  <div
    className="pf-c-card__header"
  >
    <div
      className=""
    >
      <h4
        className=""
        data-ouia-component-id="OUIA-Generated-Text-1"
        data-ouia-component-type="PF4/Text"
        data-ouia-safe={true}
        data-pf-content={true}
      >
        Target JVM
      </h4>
    </div>
    <div
      className="pf-c-card__actions"
    >
      <button
        aria-disabled={false}
        aria-label="Create target"
        className="pf-c-button pf-m-control"
        data-ouia-component-id="OUIA-Generated-Button-control-1"
        data-ouia-component-type="PF4/Button"
        data-ouia-safe={true}
        disabled={false}
        onClick={[Function]}
        role={null}
        type="button"
      >
        <span
          className="pf-c-button__icon pf-m-start"
        >
          <svg
            aria-hidden={true}
            aria-labelledby={null}
            fill="currentColor"
            height="1em"
            role="img"
            style={
              Object {
                "verticalAlign": "-0.125em",
              }
            }
            viewBox="0 0 512 512"
            width="1em"
          >
            <path
              d="M256 8C119 8 8 119 8 256s111 248 248 248 248-111 248-248S393 8 256 8zm144 276c0 6.6-5.4 12-12 12h-92v92c0 6.6-5.4 12-12 12h-56c-6.6 0-12-5.4-12-12v-92h-92c-6.6 0-12-5.4-12-12v-56c0-6.6 5.4-12 12-12h92v-92c0-6.6 5.4-12 12-12h56c6.6 0 12 5.4 12 12v92h92c6.6 0 12 5.4 12 12v56z"
            />
          </svg>
        </span>
      </button>
      <button
        aria-disabled={true}
        aria-label="Delete target"
        className="pf-c-button pf-m-control pf-m-disabled"
        data-ouia-component-id="OUIA-Generated-Button-control-2"
        data-ouia-component-type="PF4/Button"
        data-ouia-safe={true}
        disabled={true}
        onClick={[Function]}
        role={null}
        tabIndex={null}
        type="button"
      >
        <span
          className="pf-c-button__icon pf-m-start"
        >
          <svg
            aria-hidden={true}
            aria-labelledby={null}
            fill="currentColor"
            height="1em"
            role="img"
            style={
              Object {
                "verticalAlign": "-0.125em",
              }
            }
            viewBox="0 0 448 512"
            width="1em"
          >
            <path
              d="M432 32H312l-9.4-18.7A24 24 0 0 0 281.1 0H166.8a23.72 23.72 0 0 0-21.4 13.3L136 32H16A16 16 0 0 0 0 48v32a16 16 0 0 0 16 16h416a16 16 0 0 0 16-16V48a16 16 0 0 0-16-16zM53.2 467a48 48 0 0 0 47.9 45h245.8a48 48 0 0 0 47.9-45L416 128H32z"
            />
          </svg>
        </span>
      </button>
      <button
        aria-disabled={false}
        aria-label="Refresh targets"
        className="pf-c-button pf-m-control"
        data-ouia-component-id="OUIA-Generated-Button-control-3"
        data-ouia-component-type="PF4/Button"
        data-ouia-safe={true}
        disabled={false}
        onClick={[Function]}
        role={null}
        type="button"
      >
        <span
          className="pf-c-button__icon pf-m-start"
        >
          <svg
            aria-hidden={true}
            aria-labelledby={null}
            fill="currentColor"
            height="1em"
            role="img"
            style={
              Object {
                "verticalAlign": "-0.125em",
              }
            }
            viewBox="0 0 1024 1024"
            width="1em"
          >
            <path
              d="M515.8,0 C655.3,0 781.6,58.4 873.4,150.2 L968.9,54.7 C989,34.5 1024,48.8 1024,77.3 L1024,352 C1024,369.7 1009.2,384.1 991.5,384 L716.8,384 C688.3,384 674,349.5 694.2,329.3 L783,240.5 C713.5,171.1 617.8,128 512,128 C300.4,128 128,300.2 128,512 C128,723.8 300.2,895.1 511.9,895 C606.9,895 693.9,861.2 761,803.9 C773.7,793.1 792.6,793.8 804.4,805.6 L849.6,850.9 C862.6,864 861.9,885.4 848,897.6 C758,976.3 640.3,1024 511.7,1024 C229.1,1024 0,797 0,510.7 C0,226.2 235,0 515.8,0"
            />
          </svg>
        </span>
      </button>
    </div>
  </div>
  <div
    className="pf-c-card__body"
  >
    <div
      className="pf-c-select"
      data-ouia-component-id="OUIA-Generated-Select-single-1"
      data-ouia-component-type="PF4/Select"
      data-ouia-safe={true}
    >
      <button
        aria-expanded={false}
        aria-haspopup="listbox"
        aria-label="Options menu"
        aria-labelledby=" pf-select-toggle-id-1"
        className="pf-c-select__toggle"
        disabled={false}
        id="pf-select-toggle-id-1"
        onClick={[Function]}
        onKeyDown={[Function]}
        type="button"
      >
        <div
          className="pf-c-select__toggle-wrapper"
        >
          <span
            className="pf-c-select__toggle-icon"
          >
            <svg
              aria-hidden={true}
              aria-labelledby={null}
              fill="currentColor"
              height="1em"
              role="img"
              style={
                Object {
                  "verticalAlign": "-0.125em",
                }
              }
              viewBox="0 0 1024 1024"
              width="1em"
            >
              <path
                d="M22.3,576.00143 L1001.8,576.00143 C1013.2,576.00143 1020.3,570.90143 1023.1,560.50143 C1025.6,550.20143 1022.9,537.30143 1014.4,522.10143 C1014.4,522.10143 874.3,232.50143 863.8,211.00143 C856,191.90143 841.4,192.000713 841.4,192.000713 L185.6,192.000713 C185.6,192.000713 169,191.60143 161.8,209.70143 C151.3,232.30143 9.7,522.00143 9.7,522.00143 C1.2,537.10143 -1.7,550.00143 1,560.40143 C3.7,570.80143 10.8,576.00143 22.3,576.00143 Z M1013.1,650.90143 C1005.8,643.60143 997.2,640.00143 987.4,640.00143 L36.6,640.00143 C26.6,640.00143 18.2,643.60143 10.9,650.90143 C3.6,658.20143 0,666.80143 0,676.60143 L0,795.50143 C0,805.50143 3.6,813.90143 10.7,821.20143 C18,828.40143 26.4,832.00143 36.4,832.00143 L987.4,832.00143 C997.4,832.00143 1005.8,828.40143 1013.1,821.10143 C1020.4,813.80143 1024,805.40143 1024,795.40143 L1024,676.60143 C1024,666.60143 1020.4,658.20143 1013.1,650.90143 Z M128,768.00143 L64,768.00143 L64,704.00143 L128,704.00143 L128,768.00143 Z M256,768.00143 L192,768.00143 L192,704.00143 L256,704.00143 L256,768.00143 Z M384,768.00143 L320,768.00143 L320,704.00143 L384,704.00143 L384,768.00143 Z M512,768.00143 L448,768.00143 L448,704.00143 L512,704.00143 L512,768.00143 Z M960,768.00143 L896,768.00143 L896,704.00143 L960,704.00143 L960,768.00143 Z"
              />
            </svg>
          </span>
          <span
            className="pf-c-select__toggle-text"
          >
            Select Target...
          </span>
        </div>
        <span
          className="pf-c-select__toggle-arrow"
        >
          <svg
            aria-hidden={true}
            aria-labelledby={null}
            fill="currentColor"
            height="1em"
            role="img"
            style={
              Object {
                "verticalAlign": "-0.125em",
              }
            }
            viewBox="0 0 320 512"
            width="1em"
          >
            <path
              d="M31.3 192h257.3c17.8 0 26.7 21.5 14.1 34.1L174.1 354.8c-7.8 7.8-20.5 7.8-28.3 0L17.2 226.1C4.6 213.5 13.5 192 31.3 192z"
            />
          </svg>
        </span>
      </button>
    </div>
  </div>
</article>
`;
