// Jest Snapshot v1, https://goo.gl/fbAQLP

exports[`<Rules /> renders correctly 1`] = `
<div
  className="pf-v5-c-page__main-group"
>
  <section
    className="pf-v5-c-page__main-section"
  >
    <nav
      aria-label="Breadcrumb"
      className="pf-v5-c-breadcrumb"
      data-ouia-component-id="OUIA-Generated-Breadcrumb-1"
      data-ouia-component-type="PF5/Breadcrumb"
      data-ouia-safe={true}
    >
      <ol
        className="pf-v5-c-breadcrumb__list"
        role="list"
      >
        <li
          className="pf-v5-c-breadcrumb__item"
        >
          <h1
            className="pf-v5-c-breadcrumb__heading"
          >
            Automated Rules
          </h1>
        </li>
      </ol>
    </nav>
    <div
      className="pf-v5-l-stack pf-m-gutter"
    >
      <div
        className="pf-v5-l-stack__item"
      >
        <div
          className="pf-v5-c-card"
          data-ouia-component-id="OUIA-Generated-Card-1"
          data-ouia-component-type="PF5/Card"
          data-ouia-safe={true}
          data-quickstart-id="about-rules"
          id=""
        >
          <div
            className="pf-v5-c-card__title"
          >
            <div
              className="pf-v5-c-card__title-text"
            >
              About Automated Rules
            </div>
          </div>
          <div
            className="pf-v5-c-card__body"
          >
            Automated Rules define a dynamic set of target JVMs to connect to and start
             
            <a
              href="/recordings"
              onClick={[Function]}
            >
              Active Recordings
            </a>
             using a specific 
            <a
              href="/events"
              onClick={[Function]}
            >
              Event Template
            </a>
             
            when the Automated Rule is created and when any new matching target JVMs appear. If your Target JVM connections require JMX Credentials, you can configure these in 
            <a
              href="/security"
              onClick={[Function]}
            >
              Security
            </a>
            . Automated Rules can be configured to periodically copy the contents of the Active Recording to
             
            <a
              href="/archives"
              onClick={[Function]}
            >
              Archives
            </a>
             to ensure you always have up-to-date information about your JVMs.
          </div>
        </div>
      </div>
      <div
        className="pf-v5-l-stack__item"
      >
        <div
          className="pf-v5-c-card"
          data-ouia-component-id="OUIA-Generated-Card-2"
          data-ouia-component-type="PF5/Card"
          data-ouia-safe={true}
          id=""
        >
          <div
            className="pf-v5-c-card__body"
          >
            <div
              className="pf-v5-c-toolbar"
              data-ouia-component-id="OUIA-Generated-Toolbar-1"
              data-ouia-component-type="PF5/Toolbar"
              data-ouia-safe={true}
              id="automated-rule-toolbar"
            >
              <div
                className="pf-v5-c-toolbar__content"
              >
                <div
                  className="pf-v5-c-toolbar__content-section"
                >
                  <div
                    className="pf-v5-c-toolbar__group pf-m-icon-button-group"
                  >
                    <div
                      className="pf-v5-c-toolbar__item"
                    >
                      <button
                        aria-disabled={false}
                        aria-label={null}
                        className="pf-v5-c-button pf-m-primary"
                        data-ouia-component-id="OUIA-Generated-Button-primary-1"
                        data-ouia-component-type="PF5/Button"
                        data-ouia-safe={true}
                        data-quickstart-id="create-rule-btn"
                        disabled={false}
                        onClick={[Function]}
                        role={null}
                        type="button"
                      >
                        Create
                      </button>
                       
                      <button
                        aria-disabled={false}
                        aria-label="Upload"
                        className="pf-v5-c-button pf-m-secondary"
                        data-ouia-component-id="OUIA-Generated-Button-secondary-1"
                        data-ouia-component-type="PF5/Button"
                        data-ouia-safe={true}
                        disabled={false}
                        onClick={[Function]}
                        role={null}
                        type="button"
                      >
                        <svg
                          aria-hidden={true}
                          aria-labelledby={null}
                          className="pf-v5-svg"
                          fill="currentColor"
                          height="1em"
                          role="img"
                          viewBox="0 0 512 512"
                          width="1em"
                        >
                          <path
                            d="M296 384h-80c-13.3 0-24-10.7-24-24V192h-87.7c-17.8 0-26.7-21.5-14.1-34.1L242.3 5.7c7.5-7.5 19.8-7.5 27.3 0l152.2 152.2c12.6 12.6 3.7 34.1-14.1 34.1H320v168c0 13.3-10.7 24-24 24zm216-8v112c0 13.3-10.7 24-24 24H24c-13.3 0-24-10.7-24-24V376c0-13.3 10.7-24 24-24h136v8c0 30.9 25.1 56 56 56h80c30.9 0 56-25.1 56-56v-8h136c13.3 0 24 10.7 24 24zm-124 88c0-11-9-20-20-20s-20 9-20 20 9 20 20 20 20-9 20-20zm64 0c0-11-9-20-20-20s-20 9-20 20 9 20 20 20 20-9 20-20z"
                          />
                        </svg>
                      </button>
                    </div>
                  </div>
                </div>
              </div>
              <div
                className="pf-v5-c-toolbar__content pf-m-hidden"
                hidden={true}
              >
                <div
                  className="pf-v5-c-toolbar__group"
                />
              </div>
            </div>
            <div
              className="pf-v5-c-empty-state"
            >
              <div
                className="pf-v5-c-empty-state__content"
              >
                <div
                  className="pf-v5-c-empty-state__header"
                >
                  <div
                    className="pf-v5-c-empty-state__icon"
                  >
                    <svg
                      aria-hidden={true}
                      aria-labelledby={null}
                      className="pf-v5-svg"
                      fill="currentColor"
                      height="1em"
                      role="img"
                      viewBox="0 0 512 512"
                      width="1em"
                    >
                      <path
                        d="M505 442.7L405.3 343c-4.5-4.5-10.6-7-17-7H372c27.6-35.3 44-79.7 44-128C416 93.1 322.9 0 208 0S0 93.1 0 208s93.1 208 208 208c48.3 0 92.7-16.4 128-44v16.3c0 6.4 2.5 12.5 7 17l99.7 99.7c9.4 9.4 24.6 9.4 33.9 0l28.3-28.3c9.4-9.4 9.4-24.6.1-34zM208 336c-70.7 0-128-57.2-128-128 0-70.7 57.2-128 128-128 70.7 0 128 57.2 128 128 0 70.7-57.2 128-128 128z"
                      />
                    </svg>
                  </div>
                  <div
                    className="pf-v5-c-empty-state__title"
                  >
                    <h4
                      className="pf-v5-c-empty-state__title-text"
                    >
                      No Automated Rules
                    </h4>
                  </div>
                </div>
              </div>
            </div>
          </div>
        </div>
      </div>
    </div>
  </section>
</div>
`;
