// Jest Snapshot v1, https://goo.gl/fbAQLP

exports[`<BulkEditLabels /> renders correctly 1`] = `
<div
  className="pf-v5-l-stack pf-m-gutter"
>
  <div
    className="pf-v5-l-stack__item"
  >
    <div
      className="pf-v5-l-split pf-m-gutter"
    >
      <div
        className="pf-v5-l-split__item"
      >
        <p
          className=""
          data-ouia-component-id="OUIA-Generated-Text-1"
          data-ouia-component-type="PF5/Text"
          data-ouia-safe={true}
          data-pf-content={true}
        >
          Edit Recording Labels
        </p>
      </div>
      <div
        className="pf-v5-l-split__item"
      />
    </div>
  </div>
  <div
    className="pf-v5-l-stack__item"
  >
    <span
      aria-label="someLabel: someValue"
      className="pf-v5-c-label"
    >
      <span
        className="pf-v5-c-label__content"
      >
        <span
          className="pf-v5-c-label__text"
        >
          someLabel: someValue
        </span>
      </span>
    </span>
  </div>
  <div
    className="pf-v5-l-stack__item"
  >
    <button
      aria-disabled={false}
      aria-label="Edit Labels"
      className="pf-v5-c-button pf-m-secondary"
      data-ouia-component-id="OUIA-Generated-Button-secondary-1"
      data-ouia-component-type="PF5/Button"
      data-ouia-safe={true}
      disabled={false}
      onClick={[Function]}
      role={null}
      type="button"
    >
      Edit
    </button>
  </div>
</div>
`;
