// Jest Snapshot v1, https://goo.gl/fbAQLP

exports[`<ClickableLabel /> renders correctly 1`] = `
<span
  aria-label="someLabel: someValue"
  className="pf-v5-c-label pf-m-blue"
  onFocus={[Function]}
  onMouseEnter={[Function]}
  onMouseLeave={[Function]}
  style={Object {}}
>
  <button
    className="pf-v5-c-label__content"
    onClick={[Function]}
    type="button"
  >
    <span
      className="pf-v5-c-label__text"
    >
      someLabel: someValue
    </span>
  </button>
</span>
`;
