// Jest Snapshot v1, https://goo.gl/fbAQLP

exports[`<LabelCell /> renders correctly 1`] = `
Array [
  <span
    aria-label="someLabel: someValue"
    className="pf-v5-c-label"
    onFocus={[Function]}
    onMouseEnter={[Function]}
    onMouseLeave={[Function]}
    style={Object {}}
  >
    <button
      className="pf-v5-c-label__content"
      onClick={[Function]}
      type="button"
    >
      <span
        className="pf-v5-c-label__text"
      >
        someLabel: someValue
      </span>
    </button>
  </span>,
  <span
    aria-label="anotherLabel: anotherValue"
    className="pf-v5-c-label"
    onFocus={[Function]}
    onMouseEnter={[Function]}
    onMouseLeave={[Function]}
    style={Object {}}
  >
    <button
      className="pf-v5-c-label__content"
      onClick={[Function]}
      type="button"
    >
      <span
        className="pf-v5-c-label__text"
      >
        anotherLabel: anotherValue
      </span>
    </button>
  </span>,
]
`;
