// Jest Snapshot v1, https://goo.gl/fbAQLP

exports[`<ActiveRecordingsTable /> renders correctly 1`] = `
<div
  className="pf-c-drawer pf-m-inline"
>
  <div
    className="pf-c-drawer__main"
  >
    <div
      className="pf-c-drawer__content recordings-table-drawer-content"
    >
      <div
        className="pf-c-drawer__body pf-m-padding"
      >
        <div
          className="pf-c-toolbar"
          data-ouia-component-id="OUIA-Generated-Toolbar-3"
          data-ouia-component-type="PF4/Toolbar"
          data-ouia-safe={true}
          id="active-recordings-toolbar"
        >
          <div
            className="pf-c-toolbar__content"
          >
            <div
              className="pf-c-toolbar__content-section"
            >
              <div>
                RecordingFilters
              </div>
              <div
                className="pf-c-toolbar__item"
              >
                <button
                  aria-disabled={false}
                  aria-label={null}
                  className="pf-c-button pf-m-primary"
                  data-ouia-component-id="OUIA-Generated-Button-primary-3"
                  data-ouia-component-type="PF4/Button"
                  data-ouia-safe={true}
                  disabled={false}
                  onClick={[Function]}
                  role={null}
                  type="button"
                >
                  Create
                </button>
              </div>
              <div
                className="pf-c-toolbar__item"
              >
                <button
                  aria-disabled={true}
                  aria-label={null}
                  className="pf-c-button pf-m-secondary pf-m-disabled"
                  data-ouia-component-id="OUIA-Generated-Button-secondary-5"
                  data-ouia-component-type="PF4/Button"
                  data-ouia-safe={true}
                  disabled={true}
                  onClick={[Function]}
                  role={null}
                  tabIndex={null}
                  type="button"
                >
                  Archive
                </button>
              </div>
              <div
                className="pf-c-toolbar__item"
              >
                <button
                  aria-disabled={true}
                  aria-label={null}
                  className="pf-c-button pf-m-secondary pf-m-disabled"
                  data-ouia-component-id="OUIA-Generated-Button-secondary-6"
                  data-ouia-component-type="PF4/Button"
                  data-ouia-safe={true}
                  disabled={true}
                  onClick={[Function]}
                  role={null}
                  tabIndex={null}
                  type="button"
                >
                  Edit Labels
                </button>
              </div>
              <div
                className="pf-c-toolbar__item"
              >
                <button
                  aria-disabled={true}
                  aria-label={null}
                  className="pf-c-button pf-m-tertiary pf-m-disabled"
                  data-ouia-component-id="OUIA-Generated-Button-tertiary-3"
                  data-ouia-component-type="PF4/Button"
                  data-ouia-safe={true}
                  disabled={true}
                  onClick={[Function]}
                  role={null}
                  tabIndex={null}
                  type="button"
                >
                  Stop
                </button>
              </div>
              <div
                className="pf-c-toolbar__item"
              >
                <button
                  aria-disabled={true}
                  aria-label={null}
                  className="pf-c-button pf-m-danger pf-m-disabled"
                  data-ouia-component-id="OUIA-Generated-Button-danger-3"
                  data-ouia-component-type="PF4/Button"
                  data-ouia-safe={true}
                  disabled={true}
                  onClick={[Function]}
                  role={null}
                  tabIndex={null}
                  type="button"
                >
                  Delete
                </button>
              </div>
            </div>
            <div
              className="pf-c-toolbar__expandable-content"
              id="active-recordings-toolbar-expandable-content-2"
            >
              <div
                className="pf-c-toolbar__group"
              />
            </div>
          </div>
          <div
            className="pf-c-toolbar__content pf-m-hidden"
            hidden={true}
          >
            <div
              className="pf-c-toolbar__group"
            />
          </div>
        </div>
        <table
          aria-label="Active Flight Recordings"
          className="pf-c-table pf-m-grid-md"
          data-ouia-component-id="OUIA-Generated-Table-1"
          data-ouia-component-type="PF4/Table"
          data-ouia-safe={true}
          role="grid"
        >
          <thead
            className=""
          >
            <tr
              className=""
              data-ouia-component-id="OUIA-Generated-TableRow-1"
              data-ouia-component-type="PF4/TableRow"
              data-ouia-safe={true}
              hidden={false}
            >
              <td
                className="pf-c-table__check"
                onMouseEnter={[Function]}
                scope={null}
              >
                <label>
                  <input
                    aria-label="Select all rows"
                    checked={false}
                    name="check-all"
                    onChange={[Function]}
                    type="checkbox"
                  />
                </label>
              </td>
              <th
                className=""
                onMouseEnter={[Function]}
                scope={null}
              />
              <th
                className=""
                onMouseEnter={[Function]}
                scope="col"
              >
                Name
              </th>
              <th
                className=""
                onMouseEnter={[Function]}
                scope="col"
              >
                Start Time
              </th>
              <th
                className=""
                onMouseEnter={[Function]}
                scope="col"
              >
                Duration
              </th>
              <th
                className=""
                onMouseEnter={[Function]}
                scope="col"
              >
                State
              </th>
              <th
                className=""
                onMouseEnter={[Function]}
                scope="col"
              >
                Labels
              </th>
              <th
                className=""
                onMouseEnter={[Function]}
                scope={null}
              />
            </tr>
          </thead>
          <tbody
            className=""
            role="rowgroup"
          >
            <tr
              className=""
              data-ouia-component-id="OUIA-Generated-TableRow-2"
              data-ouia-component-type="PF4/TableRow"
              data-ouia-safe={true}
              hidden={false}
            >
              <td
                className=""
              >
                <div
                  className="pf-c-check pf-m-standalone"
                >
                  <input
                    aria-invalid={false}
                    checked={false}
                    className="pf-c-check__input"
                    data-ouia-component-id="OUIA-Generated-Checkbox-1"
                    data-ouia-component-type="PF4/Checkbox"
                    data-ouia-safe={true}
                    disabled={false}
                    id="active-table-row-0-check"
                    name="active-table-row-0-check"
                    onChange={[Function]}
                    type="checkbox"
                  />
                </div>
              </td>
              <td
                aria-controls="active-ex-expand-0"
                className="pf-c-table__toggle"
                id="active-ex-toggle-0"
              >
                <button
                  aria-disabled={false}
                  aria-expanded={false}
                  aria-label="Details"
                  aria-labelledby="simple-node0 expand-toggle0"
                  className="pf-c-button pf-m-plain"
                  data-ouia-component-id="OUIA-Generated-Button-plain-1"
                  data-ouia-component-type="PF4/Button"
                  data-ouia-safe={true}
                  disabled={false}
                  id="expand-toggle0"
                  onClick={[Function]}
                  role={null}
                  type="button"
                >
                  <div
                    className="pf-c-table__toggle-icon"
                  >
                    <svg
                      aria-hidden={true}
                      aria-labelledby={null}
                      fill="currentColor"
                      height="1em"
                      role="img"
                      style={
                        Object {
                          "verticalAlign": "-0.125em",
                        }
                      }
                      viewBox="0 0 320 512"
                      width="1em"
                    >
                      <path
                        d="M143 352.3L7 216.3c-9.4-9.4-9.4-24.6 0-33.9l22.6-22.6c9.4-9.4 24.6-9.4 33.9 0l96.4 96.4 96.4-96.4c9.4-9.4 24.6-9.4 33.9 0l22.6 22.6c9.4 9.4 9.4 24.6 0 33.9l-136 136c-9.2 9.4-24.4 9.4-33.8 0z"
                      />
                    </svg>
                  </div>
                </button>
              </td>
              <td
                className=""
                data-label="Name"
              >
                someRecording
              </td>
              <td
                className=""
                data-label="Start Time"
              >
                <span>
                  1970-01-15T06:56:07.890Z
                </span>
              </td>
              <td
                className=""
                data-label="Duration"
              >
                <span>
                  Continuous
                </span>
              </td>
              <td
                className=""
                data-label="State"
              >
                RUNNING
              </td>
              <td
                className=""
                data-label="Labels"
              >
                <span
                  className="pf-c-label"
                >
                  <span
                    className="pf-c-label__content"
                  >
                    someLabel: someValue
                  </span>
                </span>
              </td>
              <td
                className="pf-c-table__action"
                style={
                  Object {
                    "paddingRight": 0,
                  }
                }
              >
                <div
                  className="pf-c-dropdown pf-m-align-right"
                  data-ouia-component-id="OUIA-Generated-Dropdown-1"
                  data-ouia-component-type="PF4/Dropdown"
                  data-ouia-safe={true}
                >
                  <button
                    aria-expanded={false}
                    aria-haspopup={true}
                    aria-label="Actions"
                    className="pf-c-dropdown__toggle pf-m-plain"
                    disabled={false}
                    id="pf-dropdown-toggle-id-1"
                    onClick={[Function]}
                    onKeyDown={[Function]}
                    type="button"
                  >
                    <svg
                      aria-hidden={true}
                      aria-labelledby={null}
                      fill="currentColor"
                      height="1em"
                      role="img"
                      style={
                        Object {
                          "verticalAlign": "-0.125em",
                        }
                      }
                      viewBox="0 0 192 512"
                      width="1em"
                    >
                      <path
                        d="M96 184c39.8 0 72 32.2 72 72s-32.2 72-72 72-72-32.2-72-72 32.2-72 72-72zM24 80c0 39.8 32.2 72 72 72s72-32.2 72-72S135.8 8 96 8 24 40.2 24 80zm0 352c0 39.8 32.2 72 72 72s72-32.2 72-72-32.2-72-72-72-72 32.2-72 72z"
                      />
                    </svg>
                  </button>
                </div>
              </td>
            </tr>
            <tr
              className="pf-c-table__expandable-row"
              data-ouia-component-id="OUIA-Generated-TableRow-3"
              data-ouia-component-type="PF4/TableRow"
              data-ouia-safe={true}
              hidden={true}
            >
              <td
                className=""
                colSpan={8}
                data-label="Content Details"
              >
                <div
                  className="pf-c-table__expandable-row-content"
                >
                  <p
                    className=""
                    data-ouia-component-id="OUIA-Generated-Text-1"
                    data-ouia-component-type="PF4/Text"
                    data-ouia-safe={true}
                    data-pf-content={true}
                  >
                    Recording Options:
                  </p>
                  <p
                    className=""
                    data-ouia-component-id="OUIA-Generated-Text-2"
                    data-ouia-component-type="PF4/Text"
                    data-ouia-safe={true}
                    data-pf-content={true}
                  >
                    toDisk = 
                    false
                       maxAge = 
                    0
                    s   maxSize = 
                    0
                    B
                  </p>
                  <br />
                  <hr />
                  <br />
                  <p
                    className=""
                    data-ouia-component-id="OUIA-Generated-Text-3"
                    data-ouia-component-type="PF4/Text"
                    data-ouia-safe={true}
                    data-pf-content={true}
                  >
                    Automated Analysis:
                  </p>
                  <span
                    aria-label="Contents"
                    aria-valuetext="Loading..."
                    className="pf-c-spinner pf-m-xl"
                    role="progressbar"
                  >
                    <span
                      className="pf-c-spinner__clipper"
                    />
                    <span
                      className="pf-c-spinner__lead-ball"
                    />
                    <span
                      className="pf-c-spinner__tail-ball"
                    />
                  </span>
                  <iframe
                    height="640"
                    hidden={true}
                    onLoad={[Function]}
                    title="Automated Analysis"
                    width="100%"
                  />
                </div>
              </td>
            </tr>
          </tbody>
        </table>
      </div>
    </div>
    <div
      className="pf-c-drawer__panel pf-m-resizable"
      hidden={true}
      id="pf-drawer-panel-0"
      onTransitionEnd={[Function]}
    />
  </div>
</div>
`;
