// Jest Snapshot v1, https://goo.gl/fbAQLP

exports[`<Recordings /> renders correctly 1`] = `
<div>
  Recordings
  <article
    className="pf-c-card"
    data-ouia-component-id="OUIA-Generated-Card-5"
    data-ouia-component-type="PF4/Card"
    data-ouia-safe={true}
    id=""
  >
    <div
      className="pf-c-card__body"
    >
      <div
        className="pf-c-tabs"
        data-ouia-component-id="OUIA-Generated-Tabs-4"
        data-ouia-component-type="PF4/Tabs"
        data-ouia-safe={true}
        id="recordings"
        onSelect={[Function]}
      >
        <ul
          className="pf-c-tabs__list"
          onScroll={[Function]}
          role="tablist"
        >
          <li
            className="pf-c-tabs__item pf-m-current"
            role="presentation"
          >
            <button
              aria-controls="pf-tab-section-0-active-recordings"
              aria-selected={true}
              className="pf-c-tabs__link"
              data-ouia-component-type="PF4/TabButton"
              data-ouia-safe={true}
              id="pf-tab-0-active-recordings"
              onClick={[Function]}
              role="tab"
              type="button"
            >
              <span
                className="pf-c-tabs__item-text"
              >
                Active Recordings
              </span>
            </button>
          </li>
          <li
            className="pf-c-tabs__item"
            role="presentation"
          >
            <button
              aria-controls="pf-tab-section-1-archived-recordings"
              aria-selected={false}
              className="pf-c-tabs__link"
              data-ouia-component-type="PF4/TabButton"
              data-ouia-safe={true}
              id="pf-tab-1-archived-recordings"
              onClick={[Function]}
              role="tab"
              type="button"
            >
              <span
                className="pf-c-tabs__item-text"
              >
                Archived Recordings
              </span>
            </button>
          </li>
        </ul>
      </div>
      <section
        aria-labelledby="pf-tab-0-active-recordings"
        className="pf-c-tab-content"
        data-ouia-component-type="PF4/TabContent"
        data-ouia-safe={true}
        hidden={false}
        id="pf-tab-section-0-active-recordings"
        role="tabpanel"
        tabIndex={0}
      >
        <div>
          Active Recordings Table
        </div>
      </section>
      <section
        aria-labelledby="pf-tab-1-archived-recordings"
        className="pf-c-tab-content"
        data-ouia-component-type="PF4/TabContent"
        data-ouia-safe={true}
        hidden={true}
        id="pf-tab-section-1-archived-recordings"
        role="tabpanel"
        tabIndex={0}
      >
        <div>
          Archived Recordings Table
        </div>
      </section>
    </div>
  </article>
</div>
`;
