// Jest Snapshot v1, https://goo.gl/fbAQLP

exports[`<RecordingLabelsPanel /> renders correctly 1`] = `
<div
  className="pf-v5-c-drawer pf-m-expanded pf-m-inline"
>
  <div
    className="pf-v5-c-drawer__main"
  >
    <div
      className="pf-v5-c-drawer__content"
    />
    <div
      className="pf-v5-c-drawer__panel pf-m-resizable"
      hidden={false}
      id="pf-drawer-panel-0"
      onTransitionEnd={[Function]}
    >
      <div
        aria-controls="pf-drawer-panel-0"
        aria-label="Resize"
        aria-orientation="vertical"
        aria-valuemax={100}
        aria-valuemin={0}
        aria-valuenow={0}
        className="pf-v5-c-drawer__splitter pf-m-vertical"
        onKeyDown={[Function]}
        onMouseDown={[Function]}
        onTouchStart={[Function]}
        role="separator"
        tabIndex={0}
      >
        <div
          aria-hidden={true}
          className="pf-v5-c-drawer__splitter-handle"
        />
      </div>
      <div
        className="pf-v5-c-drawer__panel-main"
      >
        <div
          className="pf-v5-c-drawer__body"
        >
          <div
            className="pf-v5-c-drawer__head"
          >
            <div
              className="pf-v5-c-drawer__actions"
            >
              <div
                className="pf-v5-c-drawer__close"
                data-testid="hide-table-actions-panel"
                onClick={[Function]}
              >
                <button
                  aria-disabled={false}
                  aria-label="hide table actions panel"
                  className="pf-v5-c-button pf-m-plain"
                  data-ouia-component-id="OUIA-Generated-Button-plain-1"
                  data-ouia-component-type="PF5/Button"
                  data-ouia-safe={true}
                  disabled={false}
                  onClick={[Function]}
                  role={null}
                  type="button"
                >
                  <svg
                    aria-hidden={true}
                    aria-labelledby={null}
                    className="pf-v5-svg"
                    fill="currentColor"
                    height="1em"
                    role="img"
                    viewBox="0 0 352 512"
                    width="1em"
                  >
                    <path
                      d="M242.72 256l100.07-100.07c12.28-12.28 12.28-32.19 0-44.48l-22.24-22.24c-12.28-12.28-32.19-12.28-44.48 0L176 189.28 75.93 89.21c-12.28-12.28-32.19-12.28-44.48 0L9.21 111.45c-12.28 12.28-12.28 32.19 0 44.48L109.28 256 9.21 356.07c-12.28 12.28-12.28 32.19 0 44.48l22.24 22.24c12.28 12.28 32.2 12.28 44.48 0L176 322.72l100.07 100.07c12.28 12.28 32.2 12.28 44.48 0l22.24-22.24c12.28-12.28 12.28-32.19 0-44.48L242.72 256z"
                    />
                  </svg>
                </button>
              </div>
            </div>
          </div>
        </div>
        <div
          className="pf-v5-c-drawer__body"
        >
          <div>
            Bulk Edit Labels
          </div>
        </div>
      </div>
    </div>
  </div>
</div>
`;
