// Jest Snapshot v1, https://goo.gl/fbAQLP

exports[`<AgentLiveProbes /> renders correctly 1`] = `
<div
  className="pf-v5-l-stack pf-m-gutter"
  style={
    Object {
      "marginTop": "1em",
    }
  }
>
  <div
    className="pf-v5-l-stack__item"
  >
    <div
      className="pf-v5-c-card"
      data-ouia-component-id="OUIA-Generated-Card-1"
      data-ouia-component-type="PF5/Card"
      data-ouia-safe={true}
      id=""
    >
      <div
        className="pf-v5-c-card__title"
      >
        <div
          className="pf-v5-c-card__title-text"
        >
          About the JMC Agent
        </div>
      </div>
      <div
        className="pf-v5-c-card__body"
      >
        The JMC Agent allows users to dynamically inject custom JFR events into running JVMs. In order to make use of the JMC Agent, the agent jar must be present in the same container as the target, and the target must be started with the agent (-javaagent:/path/to/agent.jar). Once these pre-requisites are met, the user can upload Probe Templates to Cryostat and insert them to the target, as well as view or remove currently active probes.
      </div>
    </div>
  </div>
  <div
    className="pf-v5-l-stack__item"
  >
    <div
      className="pf-v5-c-toolbar"
      data-ouia-component-id="OUIA-Generated-Toolbar-1"
      data-ouia-component-type="PF5/Toolbar"
      data-ouia-safe={true}
      id="active-probes-toolbar"
    >
      <div
        className="pf-v5-c-toolbar__content"
      >
        <div
          className="pf-v5-c-toolbar__content-section"
        >
          <div
            className="pf-v5-c-toolbar__group pf-m-filter-group"
          >
            <div
              className="pf-v5-c-toolbar__item"
            >
              <div
                className="pf-v5-c-text-input-group"
                id="activeProbeFilter"
                style={
                  Object {
                    "minWidth": "36ch",
                  }
                }
                type="search"
              >
                <div
                  className="pf-v5-c-text-input-group__main pf-m-icon"
                  onKeyDown={[Function]}
                >
                  <span
                    className="pf-v5-c-text-input-group__text"
                  >
                    <span
                      className="pf-v5-c-text-input-group__icon"
                    >
                      <svg
                        aria-hidden={true}
                        aria-labelledby={null}
                        className="pf-v5-svg"
                        fill="currentColor"
                        height="1em"
                        role="img"
                        viewBox="0 0 512 512"
                        width="1em"
                      >
                        <path
                          d="M505 442.7L405.3 343c-4.5-4.5-10.6-7-17-7H372c27.6-35.3 44-79.7 44-128C416 93.1 322.9 0 208 0S0 93.1 0 208s93.1 208 208 208c48.3 0 92.7-16.4 128-44v16.3c0 6.4 2.5 12.5 7 17l99.7 99.7c9.4 9.4 24.6 9.4 33.9 0l28.3-28.3c9.4-9.4 9.4-24.6.1-34zM208 336c-70.7 0-128-57.2-128-128 0-70.7 57.2-128 128-128 70.7 0 128 57.2 128 128 0 70.7-57.2 128-128 128z"
                        />
                      </svg>
                    </span>
                    <input
                      aria-label="active-probe-filter"
                      className="pf-v5-c-text-input-group__text-input"
                      disabled={false}
                      name="activeProbeFilter"
                      onChange={[Function]}
                      placeholder="Find by name, description, class, or method..."
                      type="text"
                      value=""
                    />
                  </span>
                </div>
              </div>
            </div>
          </div>
          <hr
            className="pf-v5-c-divider pf-m-vertical"
          />
          <div
            className="pf-v5-c-toolbar__group pf-m-icon-button-group"
          >
            <div
              className="pf-v5-c-toolbar__item"
            >
              <button
                aria-disabled={false}
                aria-label={null}
                className="pf-v5-c-button pf-m-danger pf-m-progress"
                data-ouia-component-id="OUIA-Generated-Button-danger-1"
                data-ouia-component-type="PF5/Button"
                data-ouia-safe={true}
                disabled={false}
                onClick={[Function]}
                role={null}
                type="button"
              >
                Remove
                 all probes
              </button>
            </div>
          </div>
        </div>
      </div>
      <div
        className="pf-v5-c-toolbar__content pf-m-hidden"
        hidden={true}
      >
        <div
          className="pf-v5-c-toolbar__group"
        />
      </div>
    </div>
    <table
      aria-label="Active probe table"
      className="pf-v5-c-table pf-m-grid-md pf-m-compact"
      data-ouia-component-id="OUIA-Generated-Table-1"
      data-ouia-component-type="PF5/Table"
      data-ouia-safe={true}
      role="grid"
    >
      <thead
        className="pf-v5-c-table__thead"
      >
        <tr
          className="pf-v5-c-table__tr"
          data-ouia-component-id="OUIA-Generated-TableRow-1"
          data-ouia-component-type="PF5/TableRow"
          data-ouia-safe={true}
          hidden={false}
        >
          <th
            aria-sort="none"
            className="pf-v5-c-table__th pf-v5-c-table__sort"
            onBlur={[Function]}
            onFocus={[Function]}
            onMouseEnter={[Function]}
            scope="col"
            tabIndex={-1}
          >
            <button
              className="pf-v5-c-table__button"
              onBlur={[Function]}
              onClick={[Function]}
              onFocus={[Function]}
              type="button"
            >
              <div
                className="pf-v5-c-table__button-content"
              >
                <span
                  className="pf-v5-c-table__text"
                  onMouseEnter={[Function]}
                >
                  ID
                </span>
                <span
                  className="pf-v5-c-table__sort-indicator"
                >
                  <svg
                    aria-hidden={true}
                    aria-labelledby={null}
                    className="pf-v5-svg"
                    fill="currentColor"
                    height="1em"
                    role="img"
                    viewBox="0 0 256 512"
                    width="1em"
                  >
                    <path
                      d="M214.059 377.941H168V134.059h46.059c21.382 0 32.09-25.851 16.971-40.971L144.971 7.029c-9.373-9.373-24.568-9.373-33.941 0L24.971 93.088c-15.119 15.119-4.411 40.971 16.971 40.971H88v243.882H41.941c-21.382 0-32.09 25.851-16.971 40.971l86.059 86.059c9.373 9.373 24.568 9.373 33.941 0l86.059-86.059c15.12-15.119 4.412-40.971-16.97-40.971z"
                    />
                  </svg>
                </span>
              </div>
            </button>
          </th>
          <th
            aria-sort="none"
            className="pf-v5-c-table__th pf-v5-c-table__sort"
            onBlur={[Function]}
            onFocus={[Function]}
            onMouseEnter={[Function]}
            scope="col"
            tabIndex={-1}
          >
            <button
              className="pf-v5-c-table__button"
              onBlur={[Function]}
              onClick={[Function]}
              onFocus={[Function]}
              type="button"
            >
              <div
                className="pf-v5-c-table__button-content"
              >
                <span
                  className="pf-v5-c-table__text"
                  onMouseEnter={[Function]}
                >
                  Name
                </span>
                <span
                  className="pf-v5-c-table__sort-indicator"
                >
                  <svg
                    aria-hidden={true}
                    aria-labelledby={null}
                    className="pf-v5-svg"
                    fill="currentColor"
                    height="1em"
                    role="img"
                    viewBox="0 0 256 512"
                    width="1em"
                  >
                    <path
                      d="M214.059 377.941H168V134.059h46.059c21.382 0 32.09-25.851 16.971-40.971L144.971 7.029c-9.373-9.373-24.568-9.373-33.941 0L24.971 93.088c-15.119 15.119-4.411 40.971 16.971 40.971H88v243.882H41.941c-21.382 0-32.09 25.851-16.971 40.971l86.059 86.059c9.373 9.373 24.568 9.373 33.941 0l86.059-86.059c15.12-15.119 4.412-40.971-16.97-40.971z"
                    />
                  </svg>
                </span>
              </div>
            </button>
          </th>
          <th
            aria-sort="none"
            className="pf-v5-c-table__th pf-v5-c-table__sort"
            onBlur={[Function]}
            onFocus={[Function]}
            onMouseEnter={[Function]}
            scope="col"
            tabIndex={-1}
          >
            <button
              className="pf-v5-c-table__button"
              onBlur={[Function]}
              onClick={[Function]}
              onFocus={[Function]}
              type="button"
            >
              <div
                className="pf-v5-c-table__button-content"
              >
                <span
                  className="pf-v5-c-table__text"
                  onMouseEnter={[Function]}
                >
                  Class
                </span>
                <span
                  className="pf-v5-c-table__sort-indicator"
                >
                  <svg
                    aria-hidden={true}
                    aria-labelledby={null}
                    className="pf-v5-svg"
                    fill="currentColor"
                    height="1em"
                    role="img"
                    viewBox="0 0 256 512"
                    width="1em"
                  >
                    <path
                      d="M214.059 377.941H168V134.059h46.059c21.382 0 32.09-25.851 16.971-40.971L144.971 7.029c-9.373-9.373-24.568-9.373-33.941 0L24.971 93.088c-15.119 15.119-4.411 40.971 16.971 40.971H88v243.882H41.941c-21.382 0-32.09 25.851-16.971 40.971l86.059 86.059c9.373 9.373 24.568 9.373 33.941 0l86.059-86.059c15.12-15.119 4.412-40.971-16.97-40.971z"
                    />
                  </svg>
                </span>
              </div>
            </button>
          </th>
          <th
            aria-sort="none"
            className="pf-v5-c-table__th pf-v5-c-table__sort"
            onBlur={[Function]}
            onFocus={[Function]}
            onMouseEnter={[Function]}
            scope="col"
            tabIndex={-1}
          >
            <button
              className="pf-v5-c-table__button"
              onBlur={[Function]}
              onClick={[Function]}
              onFocus={[Function]}
              type="button"
            >
              <div
                className="pf-v5-c-table__button-content"
              >
                <span
                  className="pf-v5-c-table__text"
                  onMouseEnter={[Function]}
                >
                  Description
                </span>
                <span
                  className="pf-v5-c-table__sort-indicator"
                >
                  <svg
                    aria-hidden={true}
                    aria-labelledby={null}
                    className="pf-v5-svg"
                    fill="currentColor"
                    height="1em"
                    role="img"
                    viewBox="0 0 256 512"
                    width="1em"
                  >
                    <path
                      d="M214.059 377.941H168V134.059h46.059c21.382 0 32.09-25.851 16.971-40.971L144.971 7.029c-9.373-9.373-24.568-9.373-33.941 0L24.971 93.088c-15.119 15.119-4.411 40.971 16.971 40.971H88v243.882H41.941c-21.382 0-32.09 25.851-16.971 40.971l86.059 86.059c9.373 9.373 24.568 9.373 33.941 0l86.059-86.059c15.12-15.119 4.412-40.971-16.97-40.971z"
                    />
                  </svg>
                </span>
              </div>
            </button>
          </th>
          <th
            aria-sort="none"
            className="pf-v5-c-table__th pf-v5-c-table__sort"
            onBlur={[Function]}
            onFocus={[Function]}
            onMouseEnter={[Function]}
            scope="col"
            tabIndex={-1}
          >
            <button
              className="pf-v5-c-table__button"
              onBlur={[Function]}
              onClick={[Function]}
              onFocus={[Function]}
              type="button"
            >
              <div
                className="pf-v5-c-table__button-content"
              >
                <span
                  className="pf-v5-c-table__text"
                  onMouseEnter={[Function]}
                >
                  Method
                </span>
                <span
                  className="pf-v5-c-table__sort-indicator"
                >
                  <svg
                    aria-hidden={true}
                    aria-labelledby={null}
                    className="pf-v5-svg"
                    fill="currentColor"
                    height="1em"
                    role="img"
                    viewBox="0 0 256 512"
                    width="1em"
                  >
                    <path
                      d="M214.059 377.941H168V134.059h46.059c21.382 0 32.09-25.851 16.971-40.971L144.971 7.029c-9.373-9.373-24.568-9.373-33.941 0L24.971 93.088c-15.119 15.119-4.411 40.971 16.971 40.971H88v243.882H41.941c-21.382 0-32.09 25.851-16.971 40.971l86.059 86.059c9.373 9.373 24.568 9.373 33.941 0l86.059-86.059c15.12-15.119 4.412-40.971-16.97-40.971z"
                    />
                  </svg>
                </span>
              </div>
            </button>
          </th>
        </tr>
      </thead>
      <tbody
        className="pf-v5-c-table__tbody"
        role="rowgroup"
      >
        <tr
          className="pf-v5-c-table__tr"
          data-ouia-component-id="OUIA-Generated-TableRow-2"
          data-ouia-component-type="PF5/TableRow"
          data-ouia-safe={true}
          hidden={false}
        >
          <td
            className="pf-v5-c-table__td"
            data-label="ID"
            onBlur={[Function]}
            onFocus={[Function]}
            onMouseEnter={[Function]}
            tabIndex={-1}
          >
            some_id
          </td>
          <td
            className="pf-v5-c-table__td"
            data-label="Name"
            onBlur={[Function]}
            onFocus={[Function]}
            onMouseEnter={[Function]}
            tabIndex={-1}
          >
            some_name
          </td>
          <td
            className="pf-v5-c-table__td"
            data-label="Class"
            onBlur={[Function]}
            onFocus={[Function]}
            onMouseEnter={[Function]}
            tabIndex={-1}
          >
            some_clazz
          </td>
          <td
            className="pf-v5-c-table__td"
            data-label="Description"
            onBlur={[Function]}
            onFocus={[Function]}
            onMouseEnter={[Function]}
            tabIndex={-1}
          >
            some_desc
          </td>
          <td
            className="pf-v5-c-table__td"
            data-label="Method"
            onBlur={[Function]}
            onFocus={[Function]}
            onMouseEnter={[Function]}
            tabIndex={-1}
          >
            a_method
          </td>
        </tr>
      </tbody>
    </table>
  </div>
</div>
`;
